Archive member included to satisfy reference by file (symbol)

app/libapp.a(main.c.obj)      (--whole-archive)
app/libapp.a(lsm6dsv16x_reg.c.obj)
                              (--whole-archive)
app/libapp.a(lis2mdl_reg.c.obj)
                              (--whole-archive)
app/libapp.a(imu_sensor.c.obj)
                              (--whole-archive)
app/libapp.a(analog_sensor.c.obj)
                              (--whole-archive)
app/libapp.a(ble_nus_cmd.c.obj)
                              (--whole-archive)
zephyr/libzephyr.a(crc32c_sw.c.obj)
                              (--whole-archive)
zephyr/libzephyr.a(crc32_sw.c.obj)
                              (--whole-archive)
zephyr/libzephyr.a(crc16_sw.c.obj)
                              (--whole-archive)
zephyr/libzephyr.a(crc8_sw.c.obj)
                              (--whole-archive)
zephyr/libzephyr.a(crc7_sw.c.obj)
                              (--whole-archive)
zephyr/libzephyr.a(cbprintf_packaged.c.obj)
                              (--whole-archive)
zephyr/libzephyr.a(dec.c.obj)
                              (--whole-archive)
zephyr/libzephyr.a(fdtable.c.obj)
                              (--whole-archive)
zephyr/libzephyr.a(hex.c.obj)
                              (--whole-archive)
zephyr/libzephyr.a(printk.c.obj)
                              (--whole-archive)
zephyr/libzephyr.a(rb.c.obj)  (--whole-archive)
zephyr/libzephyr.a(sem.c.obj)
                              (--whole-archive)
zephyr/libzephyr.a(thread_entry.c.obj)
                              (--whole-archive)
zephyr/libzephyr.a(timeutil.c.obj)
                              (--whole-archive)
zephyr/libzephyr.a(heap.c.obj)
                              (--whole-archive)
zephyr/libzephyr.a(heap-validate.c.obj)
                              (--whole-archive)
zephyr/libzephyr.a(bitarray.c.obj)
                              (--whole-archive)
zephyr/libzephyr.a(multi_heap.c.obj)
                              (--whole-archive)
zephyr/libzephyr.a(onoff.c.obj)
                              (--whole-archive)
zephyr/libzephyr.a(notify.c.obj)
                              (--whole-archive)
zephyr/libzephyr.a(cbprintf_complete.c.obj)
                              (--whole-archive)
zephyr/libzephyr.a(assert.c.obj)
                              (--whole-archive)
zephyr/libzephyr.a(reboot.c.obj)
                              (--whole-archive)
zephyr/libzephyr.a(configs.c.obj)
                              (--whole-archive)
zephyr/libzephyr.a(soc.c.obj)
                              (--whole-archive)
zephyr/libzephyr.a(soc_nrf_common.S.obj)
                              (--whole-archive)
zephyr/libzephyr.a(validate_base_addresses.c.obj)
                              (--whole-archive)
zephyr/libzephyr.a(validate_enabled_instances.c.obj)
                              (--whole-archive)
zephyr/libzephyr.a(nvs.c.obj)
                              (--whole-archive)
zephyr/libzephyr.a(ipc_service.c.obj)
                              (--whole-archive)
zephyr/libzephyr.a(ipc_rpmsg_static_vrings.c.obj)
                              (--whole-archive)
zephyr/libzephyr.a(ipc_rpmsg.c.obj)
                              (--whole-archive)
zephyr/libzephyr.a(ipc_static_vrings.c.obj)
                              (--whole-archive)
zephyr/libzephyr.a(device.c.obj)
                              (--whole-archive)
zephyr/libzephyr.a(flash_map.c.obj)
                              (--whole-archive)
zephyr/libzephyr.a(flash_map_layout.c.obj)
                              (--whole-archive)
zephyr/libzephyr.a(tracing_none.c.obj)
                              (--whole-archive)
zephyr/libzephyr.a(addr_utils.c.obj)
                              (--whole-archive)
zephyr/libzephyr.a(settings_store.c.obj)
                              (--whole-archive)
zephyr/libzephyr.a(settings.c.obj)
                              (--whole-archive)
zephyr/libzephyr.a(settings_init.c.obj)
                              (--whole-archive)
zephyr/libzephyr.a(settings_line.c.obj)
                              (--whole-archive)
zephyr/libzephyr.a(settings_nvs.c.obj)
                              (--whole-archive)
zephyr/libzephyr.a(nus.c.obj)
                              (--whole-archive)
zephyr/libzephyr.a(flash_map_partition_manager.c.obj)
                              (--whole-archive)
zephyr/libzephyr.a(utils.c.obj)
                              (--whole-archive)
zephyr/libzephyr.a(aes_decrypt.c.obj)
                              (--whole-archive)
zephyr/libzephyr.a(aes_encrypt.c.obj)
                              (--whole-archive)
zephyr/libzephyr.a(cmac_mode.c.obj)
                              (--whole-archive)
zephyr/libzephyr.a(sha256.c.obj)
                              (--whole-archive)
zephyr/libzephyr.a(hmac.c.obj)
                              (--whole-archive)
zephyr/libzephyr.a(hmac_prng.c.obj)
                              (--whole-archive)
zephyr/libzephyr.a(nrf_cc3xx_platform_abort_zephyr.c.obj)
[...]
Memory Configuration

Name             Origin             Length             Attributes
FLASH            0x0000000000000000 0x00000000000fc000 xr
RAM              0x0000000020000000 0x0000000000070000 xw
IDT_LIST         0x00000000fffff7ff 0x0000000000000800 xw
*default*        0x0000000000000000 0xffffffffffffffff

Linker script and memory map

                0x0000000000010418                vfprintf = __d_vfprintf
                0x0000000000000000                vfscanf = __d_vfscanf
LOAD zephyr/CMakeFiles/zephyr_pre0.dir/misc/empty_file.c.obj
LOAD app/libapp.a
LOAD zephyr/libzephyr.a
LOAD zephyr/arch/common/libarch__common.a
LOAD zephyr/arch/arch/arm/core/aarch32/libarch__arm__core__aarch32.a
LOAD zephyr/arch/arch/arm/core/aarch32/cortex_m/libarch__arm__core__aarch32__cortex_m.a
LOAD zephyr/arch/arch/arm/core/aarch32/cortex_m/cmse/libarch__arm__core__aarch32__cortex_m__cmse.a
LOAD zephyr/arch/arch/arm/core/aarch32/mpu/libarch__arm__core__aarch32__mpu.a
LOAD zephyr/lib/libc/picolibc/liblib__libc__picolibc.a
LOAD zephyr/lib/libc/common/liblib__libc__common.a
LOAD zephyr/soc/soc/arm/common/cortex_m/libsoc__arm__common__cortex_m.a
LOAD zephyr/boards/arm/nrf5340dk_nrf5340/libboards__arm__nrf5340dk_nrf5340.a
LOAD zephyr/subsys/random/libsubsys__random.a
LOAD zephyr/subsys/bluetooth/common/libsubsys__bluetooth__common.a
LOAD zephyr/subsys/bluetooth/host/libsubsys__bluetooth__host.a
LOAD zephyr/subsys/bluetooth/crypto/libsubsys__bluetooth__crypto.a
LOAD zephyr/subsys/net/libsubsys__net.a
LOAD zephyr/drivers/adc/libdrivers__adc.a
LOAD zephyr/drivers/bluetooth/libdrivers__bluetooth.a
LOAD zephyr/drivers/clock_control/libdrivers__clock_control.a
LOAD zephyr/drivers/flash/libdrivers__flash.a
LOAD zephyr/drivers/gpio/libdrivers__gpio.a
LOAD zephyr/drivers/i2c/libdrivers__i2c.a
LOAD zephyr/drivers/mbox/libdrivers__mbox.a
LOAD zephyr/drivers/pinctrl/libdrivers__pinctrl.a
LOAD zephyr/drivers/timer/libdrivers__timer.a
LOAD modules/nrf/lib/dk_buttons_and_leds/lib..__nrf__lib__dk_buttons_and_leds.a
LOAD modules/nrf/lib/fatal_error/lib..__nrf__lib__fatal_error.a
LOAD modules/nrf/drivers/hw_cc310/lib..__nrf__drivers__hw_cc310.a
LOAD modules/hal_nordic/nrfx/libmodules__hal_nordic__nrfx.a
LOAD modules/libmetal/libmetal/lib/libmetal.a
LOAD modules/open-amp/open-amp/lib/libopen_amp.a
LOAD zephyr/kernel/libkernel.a
LOAD zephyr/CMakeFiles/offsets.dir/./arch/arm/core/offsets/offsets.c.obj
LOAD c:/ncs/toolchains/c57af46cb7/opt/zephyr-sdk/arm-zephyr-eabi/bin/../lib/gcc/arm-zephyr-eabi/12.2.0/thumb/v8-m.main/nofp\libgcc.a
LOAD zephyr/arch/common/libisr_tables.a
LOAD C:/ncs/v2.5.2/nrfxlib/crypto/nrf_cc312_platform/lib/cortex-m33/soft-float/no-interrupts/libnrf_cc312_platform_0.9.18.a
LOAD c:\ncs\toolchains\c57af46cb7\opt\zephyr-sdk\arm-zephyr-eabi\bin\../lib/gcc/../../picolibc/arm-zephyr-eabi/lib/thumb/v8-m.main/nofp\libc.a
LOAD c:/ncs/toolchains/c57af46cb7/opt/zephyr-sdk/arm-zephyr-eabi/bin/../lib/gcc/arm-zephyr-eabi/12.2.0/thumb/v8-m.main/nofp\libgcc.a
                0x0000000000000020                _region_min_align = 0x20

.rel.plt        0x0000000000000000        0x0
 *(SORT_BY_ALIGNMENT(.rel.plt))
                [!provide]                        PROVIDE (__rel_iplt_start = .)
 *(SORT_BY_ALIGNMENT(.rel.iplt))
 .rel.iplt      0x0000000000000000        0x0 app/libapp.a(main.c.obj)
                [!provide]                        PROVIDE (__rel_iplt_end = .)

.rela.plt       0x0000000000000000        0x0
 *(SORT_BY_ALIGNMENT(.rela.plt))
                [!provide]                        PROVIDE (__rela_iplt_start = .)
 *(SORT_BY_ALIGNMENT(.rela.iplt))
                [!provide]                        PROVIDE (__rela_iplt_end = .)

.rel.dyn
 *(SORT_BY_ALIGNMENT(.rel.*))

.rela.dyn
 *(SORT_BY_ALIGNMENT(.rela.*))

/DISCARD/
 *(SORT_BY_ALIGNMENT(.plt))

/DISCARD/
 *(SORT_BY_ALIGNMENT(.iplt))
                0x0000000000000000                __rom_region_start = 0x0

rom_start       0x0000000000000000      0x154
                0x0000000000000000                __rom_start_address = .
                0x0000000000000000                . = (. + (0x0 - (. - __rom_start_address)))
                0x0000000000000000                . = ALIGN (0x4)
                0x0000000000000000                . = ALIGN (0x80)
                0x0000000000000000                . = ALIGN (0x200)
                0x0000000000000000                _vector_start = .
 *(SORT_BY_ALIGNMENT(.exc_vector_table))
 *(SORT_BY_ALIGNMENT(.exc_vector_table.*))
 .exc_vector_table._vector_table_section
                0x0000000000000000       0x40 zephyr/arch/arch/arm/core/aarch32/cortex_m/libarch__arm__core__aarch32__cortex_m.a(vector_table.S.obj)
                0x0000000000000000                _vector_table
 *(SORT_BY_ALIGNMENT(.vectors))
                0x0000000000000154                _vector_end = .
                0x0000000000000040                . = ALIGN (0x4)
 *(SORT_BY_ALIGNMENT(.gnu.linkonce.irq_vector_table*))
 .gnu.linkonce.irq_vector_table
                0x0000000000000040      0x114 zephyr/arch/common/libisr_tables.a(isr_tables.c.obj)
                0x0000000000000040                _irq_vector_table
                0x0000000000000154                _vector_end = .

text            0x0000000000000158    0x1a420
                0x0000000000000158                __text_region_start = .
 *(SORT_BY_ALIGNMENT(.text))
 .text          0x0000000000000158      0x378 c:/ncs/toolchains/c57af46cb7/opt/zephyr-sdk/arm-zephyr-eabi/bin/../lib/gcc/arm-zephyr-eabi/12.2.0/thumb/v8-m.main/nofp\libgcc.a(_arm_addsubdf3.o)
                0x0000000000000158                __aeabi_drsub
                0x0000000000000160                __aeabi_dsub
                0x0000000000000160                __subdf3
                0x0000000000000164                __aeabi_dadd
                0x0000000000000164                __adddf3
                0x00000000000003dc                __floatunsidf
                0x00000000000003dc                __aeabi_ui2d
                0x00000000000003fc                __floatsidf
                0x00000000000003fc                __aeabi_i2d
                0x0000000000000420                __aeabi_f2d
                0x0000000000000420                __extendsfdf2
                0x0000000000000464                __floatundidf
                0x0000000000000464                __aeabi_ul2d
                0x0000000000000474                __floatdidf
                0x0000000000000474                __aeabi_l2d
 .text          0x00000000000004d0      0x21c c:/ncs/toolchains/c57af46cb7/opt/zephyr-sdk/arm-zephyr-eabi/bin/../lib/gcc/arm-zephyr-eabi/12.2.0/thumb/v8-m.main/nofp\libgcc.a(_arm_addsubsf3.o)
                0x00000000000004d0                __aeabi_frsub
                0x00000000000004d8                __subsf3
                0x00000000000004d8                __aeabi_fsub
                0x00000000000004dc                __aeabi_fadd
                0x00000000000004dc                __addsf3
                0x000000000000063c                __aeabi_ui2f
                0x000000000000063c                __floatunsisf
                0x0000000000000644                __aeabi_i2f
                0x0000000000000644                __floatsisf
                0x0000000000000660                __aeabi_ul2f
                0x0000000000000660                __floatundisf
                0x0000000000000670                __aeabi_l2f
                0x0000000000000670                __floatdisf
 .text          0x00000000000006ec      0x2a0 c:/ncs/toolchains/c57af46cb7/opt/zephyr-sdk/arm-zephyr-eabi/bin/../lib/gcc/arm-zephyr-eabi/12.2.0/thumb/v8-m.main/nofp\libgcc.a(_arm_muldivsf3.o)
                0x00000000000006ec                __mulsf3
                0x00000000000006ec                __aeabi_fmul
                0x0000000000000854                __aeabi_fdiv
                0x0000000000000854                __divsf3
 .text          0x000000000000098c       0x30 c:/ncs/toolchains/c57af46cb7/opt/zephyr-sdk/arm-zephyr-eabi/bin/../lib/gcc/arm-zephyr-eabi/12.2.0/thumb/v8-m.main/nofp\libgcc.a(_aeabi_uldivmod.o)
                0x000000000000098c                __aeabi_uldivmod
 .text          0x00000000000009bc        0x4 c:/ncs/toolchains/c57af46cb7/opt/zephyr-sdk/arm-zephyr-eabi/bin/../lib/gcc/arm-zephyr-eabi/12.2.0/thumb/v8-m.main/nofp\libgcc.a(_dvmd_tls.o)
                0x00000000000009bc                __aeabi_idiv0
                0x00000000000009bc                __aeabi_ldiv0
 .text          0x00000000000009c0      0x29c c:/ncs/toolchains/c57af46cb7/opt/zephyr-sdk/arm-zephyr-eabi/bin/../lib/gcc/arm-zephyr-eabi/12.2.0/thumb/v8-m.main/nofp\libgcc.a(_udivmoddi4.o)
                0x00000000000009c0                __udivmoddi4
 .text          0x0000000000000c5c       0x14 c:\ncs\toolchains\c57af46cb7\opt\zephyr-sdk\arm-zephyr-eabi\bin\../lib/gcc/../../picolibc/arm-zephyr-eabi/lib/thumb/v8-m.main/nofp\libc.a(strcmp.S.o)
                0x0000000000000c5c                strcmp
 .text          0x0000000000000c70       0x10 c:\ncs\toolchains\c57af46cb7\opt\zephyr-sdk\arm-zephyr-eabi\bin\../lib/gcc/../../picolibc/arm-zephyr-eabi/lib/thumb/v8-m.main/nofp\libc.a(strcpy.S.o)
                0x0000000000000c70                strcpy
 .text          0x0000000000000c80       0x10 c:\ncs\toolchains\c57af46cb7\opt\zephyr-sdk\arm-zephyr-eabi\bin\../lib/gcc/../../picolibc/arm-zephyr-eabi/lib/thumb/v8-m.main/nofp\libc.a(strlen.S.o)
                0x0000000000000c80                strlen
 *(SORT_BY_ALIGNMENT(.text.*))
 .text.bt_init  0x0000000000000c90      0x458 zephyr/subsys/bluetooth/host/libsubsys__bluetooth__host.a(hci_core.c.obj)
 .text.tap_int_callback
                0x00000000000010e8       0x20 app/libapp.a(main.c.obj)
 .text.fifo_int_callback
                0x0000000000001108       0x20 app/libapp.a(main.c.obj)
 .text.imu_tap_detected_work_handler
                0x0000000000001128       0x80 app/libapp.a(main.c.obj)
 .text.analog_sample_work_handler
                0x00000000000011a8       0x8c app/libapp.a(main.c.obj)
 .text.imu_data_ready_work_handler
                0x0000000000001234      0x1e8 app/libapp.a(main.c.obj)
 .text.on_nus_disconnect
                0x000000000000141c       0x34 app/libapp.a(main.c.obj)
 .text.on_nus_connect
                0x0000000000001450       0x38 app/libapp.a(main.c.obj)
 .text.led_cmd  0x0000000000001488       0xac app/libapp.a(main.c.obj)
 .text.imu_interrupts_init
                0x0000000000001534       0xa8 app/libapp.a(main.c.obj)
                0x0000000000001534                imu_interrupts_init
 .text.main     0x00000000000015dc       0x58 app/libapp.a(main.c.obj)
                0x00000000000015dc                main
 .text.lsm6dsv16x_from_fs2_to_mg
                0x0000000000001634       0x14 app/libapp.a(lsm6dsv16x_reg.c.obj)
                0x0000000000001634                lsm6dsv16x_from_fs2_to_mg
 .text.lsm6dsv16x_from_fs2000_to_mdps
                0x0000000000001648       0x14 app/libapp.a(lsm6dsv16x_reg.c.obj)
                0x0000000000001648                lsm6dsv16x_from_fs2000_to_mdps
 .text.platform_read
                0x000000000000165c       0x38 app/libapp.a(imu_sensor.c.obj)
 .text.lsm6dsv16x_read_lis2mdl_cx
                0x0000000000001694       0xd0 app/libapp.a(imu_sensor.c.obj)
 .text.lsm6dsv16x_write_lis2mdl_cx
                0x0000000000001764       0xb4 app/libapp.a(imu_sensor.c.obj)
 .text.platform_write
                0x0000000000001818       0x4c app/libapp.a(imu_sensor.c.obj)
 .text.imu_tap_configure
                0x0000000000001864       0x60 app/libapp.a(imu_sensor.c.obj)
                0x0000000000001864                imu_tap_configure
 .text.imu_set_low_power
                0x00000000000018c4       0xec app/libapp.a(imu_sensor.c.obj)
                0x00000000000018c4                imu_set_low_power
 .text.imu_init
                0x00000000000019b0      0x304 app/libapp.a(imu_sensor.c.obj)
                0x00000000000019b0                imu_init
 .text.imu_enable_fifo_mode
                0x0000000000001cb4       0x20 app/libapp.a(imu_sensor.c.obj)
                0x0000000000001cb4                imu_enable_fifo_mode
 .text.analog_init
                0x0000000000001cd4       0x44 app/libapp.a(analog_sensor.c.obj)
                0x0000000000001cd4                analog_init
 .text.analog_read
                0x0000000000001d18       0x64 app/libapp.a(analog_sensor.c.obj)
                0x0000000000001d18                analog_read
 .text.analog_get_raw
                0x0000000000001d7c       0x1c app/libapp.a(analog_sensor.c.obj)
                0x0000000000001d7c                analog_get_raw
 .text.conn_params_updated
                0x0000000000001d98       0x10 app/libapp.a(ble_nus_cmd.c.obj)
 .text.bt_send_enabled_cb
                0x0000000000001da8       0x10 app/libapp.a(ble_nus_cmd.c.obj)
 .text.nus_command_handler
                0x0000000000001db8       0x48 app/libapp.a(ble_nus_cmd.c.obj)
 .text.disconnected
                0x0000000000001e00       0x2c app/libapp.a(ble_nus_cmd.c.obj)
 .text.MTU_exchange_cb
                0x0000000000001e2c       0x1c app/libapp.a(ble_nus_cmd.c.obj)
 .text.ble_addr.isra.0
                0x0000000000001e48       0x7c app/libapp.a(ble_nus_cmd.c.obj)
 .text.connected
                0x0000000000001ec4       0x8c app/libapp.a(ble_nus_cmd.c.obj)
 .text.nus_cmd_init
                0x0000000000001f50       0xa4 app/libapp.a(ble_nus_cmd.c.obj)
                0x0000000000001f50                nus_cmd_init
 .text.ble_send
                0x0000000000001ff4       0x38 app/libapp.a(ble_nus_cmd.c.obj)
                0x0000000000001ff4                ble_send
 .text.crc8_ccitt
                0x000000000000202c       0x2c zephyr/libzephyr.a(crc8_sw.c.obj)
                0x000000000000202c                crc8_ccitt
 .text.char_out
                0x0000000000002058        0xc zephyr/libzephyr.a(printk.c.obj)
 .text.vprintk  0x0000000000002064       0x30 zephyr/libzephyr.a(printk.c.obj)
                0x0000000000002064                vprintk
 .text.z_thread_entry
                0x0000000000002094       0x34 zephyr/libzephyr.a(thread_entry.c.obj)
                0x0000000000002094                z_thread_entry
 .text.process_event
                0x00000000000020c8      0x21c zephyr/libzephyr.a(onoff.c.obj)
 .text.sys_reboot
                0x00000000000022e4       0x30 zephyr/libzephyr.a(reboot.c.obj)
                0x00000000000022e4                sys_reboot
 .text.nrf_gpio_pin_control_select
                0x0000000000002314       0x3c zephyr/libzephyr.a(soc.c.obj)
 .text.nordicsemi_nrf53_init
                0x0000000000002350       0x5c zephyr/libzephyr.a(soc.c.obj)
 .text.rtc_pretick_init
                0x00000000000023ac       0x60 zephyr/libzephyr.a(soc.c.obj)
 .text.z_arm_on_enter_cpu_idle
                0x000000000000240c       0x64 zephyr/libzephyr.a(soc.c.obj)
                0x000000000000240c                z_arm_on_enter_cpu_idle
 .text.arch_busy_wait
                0x0000000000002470       0x24 zephyr/libzephyr.a(soc.c.obj)
                0x0000000000002470                arch_busy_wait
 .text.z_arm_platform_init
                0x0000000000002494        0x4 zephyr/libzephyr.a(soc_nrf_common.S.obj)
                0x0000000000002494                z_arm_platform_init
 .text.nvs_recover_last_ate
                0x0000000000002498       0x64 zephyr/libzephyr.a(nvs.c.obj)
 .text.nvs_mount
                0x00000000000024fc      0x2c0 zephyr/libzephyr.a(nvs.c.obj)
                0x00000000000024fc                nvs_mount
 .text.nvs_write
                0x00000000000027bc      0x1a4 zephyr/libzephyr.a(nvs.c.obj)
                0x00000000000027bc                nvs_write
 .text.shared_memory_prepare
                0x0000000000002960        0xc zephyr/libzephyr.a(ipc_rpmsg_static_vrings.c.obj)
 .text.advertise_ept
                0x000000000000296c       0x44 zephyr/libzephyr.a(ipc_rpmsg_static_vrings.c.obj)
 .text.get_ept  0x00000000000029b0       0x28 zephyr/libzephyr.a(ipc_rpmsg_static_vrings.c.obj)
 .text.open     0x00000000000029d8      0x1b0 zephyr/libzephyr.a(ipc_rpmsg_static_vrings.c.obj)
 .text.bound_cb
                0x0000000000002b88       0x30 zephyr/libzephyr.a(ipc_rpmsg_static_vrings.c.obj)
 .text.send     0x0000000000002bb8       0x4c zephyr/libzephyr.a(ipc_rpmsg_static_vrings.c.obj)
 .text.register_ept
                0x0000000000002c04       0xe0 zephyr/libzephyr.a(ipc_rpmsg_static_vrings.c.obj)
 .text.ns_bind_cb
                0x0000000000002ce4       0x6c zephyr/libzephyr.a(ipc_rpmsg.c.obj)
 .text.ipc_rpmsg_register_ept
                0x0000000000002d50       0x3c zephyr/libzephyr.a(ipc_rpmsg.c.obj)
                0x0000000000002d50                ipc_rpmsg_register_ept
 .text.ipc_rpmsg_init
                0x0000000000002d8c       0x70 zephyr/libzephyr.a(ipc_rpmsg.c.obj)
                0x0000000000002d8c                ipc_rpmsg_init
 .text.ipc_static_vrings_init
                0x0000000000002dfc      0x104 zephyr/libzephyr.a(ipc_static_vrings.c.obj)
                0x0000000000002dfc                ipc_static_vrings_init
 .text.pm_device_action_run
                0x0000000000002f00       0x90 zephyr/libzephyr.a(device.c.obj)
                0x0000000000002f00                pm_device_action_run
 .text.flash_area_open
                0x0000000000002f90       0x50 zephyr/libzephyr.a(flash_map.c.obj)
                0x0000000000002f90                flash_area_open
 .text.flash_area_get_sectors
                0x0000000000002fe0       0x60 zephyr/libzephyr.a(flash_map_layout.c.obj)
                0x0000000000002fe0                flash_area_get_sectors
 .text.settings_save_one
                0x0000000000003040       0x4c zephyr/libzephyr.a(settings_store.c.obj)
                0x0000000000003040                settings_save_one
 .text.settings_src_register
                0x000000000000308c       0x1c zephyr/libzephyr.a(settings_store.c.obj)
                0x000000000000308c                settings_src_register
 .text.settings_dst_register
                0x00000000000030a8        0xc zephyr/libzephyr.a(settings_store.c.obj)
                0x00000000000030a8                settings_dst_register
 .text.settings_load_subtree
                0x00000000000030b4       0x4c zephyr/libzephyr.a(settings_store.c.obj)
                0x00000000000030b4                settings_load_subtree
 .text.settings_load_subtree_direct
                0x0000000000003100       0x40 zephyr/libzephyr.a(settings_store.c.obj)
                0x0000000000003100                settings_load_subtree_direct
 .text.settings_store_init
                0x0000000000003140       0x10 zephyr/libzephyr.a(settings_store.c.obj)
                0x0000000000003140                settings_store_init
 .text.settings_init
                0x0000000000003150       0x10 zephyr/libzephyr.a(settings.c.obj)
                0x0000000000003150                settings_init
 .text.settings_parse_and_lookup
                0x0000000000003160       0x98 zephyr/libzephyr.a(settings.c.obj)
                0x0000000000003160                settings_parse_and_lookup
 .text.settings_commit_subtree
                0x00000000000031f8       0x70 zephyr/libzephyr.a(settings.c.obj)
                0x00000000000031f8                settings_commit_subtree
 .text.settings_subsys_init
                0x0000000000003268       0x3c zephyr/libzephyr.a(settings_init.c.obj)
                0x0000000000003268                settings_subsys_init
 .text.settings_nvs_load
                0x00000000000032a4       0xbc zephyr/libzephyr.a(settings_nvs.c.obj)
 .text.settings_backend_init
                0x0000000000003360       0x84 zephyr/libzephyr.a(settings_nvs.c.obj)
                0x0000000000003360                settings_backend_init
 .text.nus_ccc_cfg_changed
                0x00000000000033e4       0x14 zephyr/libzephyr.a(nus.c.obj)
 .text.on_receive
                0x00000000000033f8       0x18 zephyr/libzephyr.a(nus.c.obj)
 .text.on_sent  0x0000000000003410       0x10 zephyr/libzephyr.a(nus.c.obj)
 .text.bt_nus_init
                0x0000000000003420       0x18 zephyr/libzephyr.a(nus.c.obj)
                0x0000000000003420                bt_nus_init
 .text.bt_nus_send
                0x0000000000003438       0x4c zephyr/libzephyr.a(nus.c.obj)
                0x0000000000003438                bt_nus_send
 .text.sub_bytes
                0x0000000000003484       0x18 zephyr/libzephyr.a(aes_encrypt.c.obj)
 .text.tc_aes128_set_encrypt_key
                0x000000000000349c       0xa8 zephyr/libzephyr.a(aes_encrypt.c.obj)
                0x000000000000349c                tc_aes128_set_encrypt_key
 .text.compress
                0x0000000000003544      0x1d4 zephyr/libzephyr.a(sha256.c.obj)
 .text.tc_sha256_init
                0x0000000000003718       0x58 zephyr/libzephyr.a(sha256.c.obj)
                0x0000000000003718                tc_sha256_init
 .text.nrf_cc3xx_platform_abort_init
                0x0000000000003770        0xc zephyr/libzephyr.a(nrf_cc3xx_platform_abort_zephyr.c.obj)
                0x0000000000003770                nrf_cc3xx_platform_abort_init
 .text.mutex_free_platform
                0x000000000000377c       0x54 zephyr/libzephyr.a(nrf_cc3xx_platform_mutex_zephyr.c.obj)
 .text.mutex_lock_platform
                0x00000000000037d0       0x74 zephyr/libzephyr.a(nrf_cc3xx_platform_mutex_zephyr.c.obj)
 .text.mutex_unlock_platform
                0x0000000000003844       0x68 zephyr/libzephyr.a(nrf_cc3xx_platform_mutex_zephyr.c.obj)
 .text.mutex_init_platform
                0x00000000000038ac       0x94 zephyr/libzephyr.a(nrf_cc3xx_platform_mutex_zephyr.c.obj)
 .text.nrf_cc3xx_platform_mutex_init
                0x0000000000003940       0x2c zephyr/libzephyr.a(nrf_cc3xx_platform_mutex_zephyr.c.obj)
                0x0000000000003940                nrf_cc3xx_platform_mutex_init
 .text.z_arm_cpu_idle_init
                0x000000000000396c        0xc zephyr/arch/arch/arm/core/aarch32/libarch__arm__core__aarch32.a(cpu_idle.S.obj)
                0x000000000000396c                z_arm_cpu_idle_init
 .text.arch_cpu_idle
                0x0000000000003978       0x38 zephyr/arch/arch/arm/core/aarch32/libarch__arm__core__aarch32.a(cpu_idle.S.obj)
                0x0000000000003978                arch_cpu_idle
 .text.arch_cpu_atomic_idle
                0x00000000000039b0       0x34 zephyr/arch/arch/arm/core/aarch32/libarch__arm__core__aarch32.a(cpu_idle.S.obj)
                0x00000000000039b0                arch_cpu_atomic_idle
 .text.arch_irq_enable
                0x00000000000039e4       0x1c zephyr/arch/arch/arm/core/aarch32/libarch__arm__core__aarch32.a(irq_manage.c.obj)
                0x00000000000039e4                arch_irq_enable
 .text.arch_irq_disable
                0x0000000000003a00       0x28 zephyr/arch/arch/arm/core/aarch32/libarch__arm__core__aarch32.a(irq_manage.c.obj)
                0x0000000000003a00                arch_irq_disable
 .text.arch_irq_is_enabled
                0x0000000000003a28       0x1c zephyr/arch/arch/arm/core/aarch32/libarch__arm__core__aarch32.a(irq_manage.c.obj)
                0x0000000000003a28                arch_irq_is_enabled
 .text.z_arm_irq_priority_set
                0x0000000000003a44       0x2c zephyr/arch/arch/arm/core/aarch32/libarch__arm__core__aarch32.a(irq_manage.c.obj)
                0x0000000000003a44                z_arm_irq_priority_set
 .text.z_SysNmiOnReset
                0x0000000000003a70        0x8 zephyr/arch/arch/arm/core/aarch32/libarch__arm__core__aarch32.a(nmi_on_reset.S.obj)
                0x0000000000003a70                z_SysNmiOnReset
 .text.z_arm_prep_c
                0x0000000000003a78       0x38 zephyr/arch/arch/arm/core/aarch32/libarch__arm__core__aarch32.a(prep_c.c.obj)
                0x0000000000003a78                z_arm_prep_c
 .text.arch_swap
                0x0000000000003ab0       0x34 zephyr/arch/arch/arm/core/aarch32/libarch__arm__core__aarch32.a(swap.c.obj)
                0x0000000000003ab0                arch_swap
 .text.z_arm_pendsv
                0x0000000000003ae4       0x68 zephyr/arch/arch/arm/core/aarch32/libarch__arm__core__aarch32.a(swap_helper.S.obj)
                0x0000000000003ae4                z_arm_pendsv
 .text.z_arm_svc
                0x0000000000003b4c       0x20 zephyr/arch/arch/arm/core/aarch32/libarch__arm__core__aarch32.a(swap_helper.S.obj)
                0x0000000000003b4c                z_arm_svc
 .text.arch_new_thread
                0x0000000000003b6c       0x38 zephyr/arch/arch/arm/core/aarch32/libarch__arm__core__aarch32.a(thread.c.obj)
                0x0000000000003b6c                arch_new_thread
 .text.arch_switch_to_main_thread
                0x0000000000003ba4       0x34 zephyr/arch/arch/arm/core/aarch32/libarch__arm__core__aarch32.a(thread.c.obj)
                0x0000000000003ba4                arch_switch_to_main_thread
 .text._isr_wrapper
                0x0000000000003bd8       0x28 zephyr/arch/arch/arm/core/aarch32/libarch__arm__core__aarch32.a(isr_wrapper.S.obj)
                0x0000000000003bd8                _isr_wrapper
 .text.arch_tls_stack_setup
                0x0000000000003c00       0x5c zephyr/arch/arch/arm/core/aarch32/libarch__arm__core__aarch32.a(tls.c.obj)
                0x0000000000003c00                arch_tls_stack_setup
 .text._HandlerModeExit
                0x0000000000003c5c       0x1c zephyr/arch/arch/arm/core/aarch32/cortex_m/libarch__arm__core__aarch32__cortex_m.a(exc_exit.S.obj)
                0x0000000000003c5c                z_arm_int_exit
                0x0000000000003c5c                z_arm_exc_exit
 .text.usage_fault.constprop.0
                0x0000000000003c78       0x5c zephyr/arch/arch/arm/core/aarch32/cortex_m/libarch__arm__core__aarch32__cortex_m.a(fault.c.obj)
 .text.bus_fault.constprop.0
                0x0000000000003cd4       0x6c zephyr/arch/arch/arm/core/aarch32/cortex_m/libarch__arm__core__aarch32__cortex_m.a(fault.c.obj)
 .text.mem_manage_fault.constprop.0
                0x0000000000003d40       0x78 zephyr/arch/arch/arm/core/aarch32/cortex_m/libarch__arm__core__aarch32__cortex_m.a(fault.c.obj)
 .text.z_arm_fault
                0x0000000000003db8      0x124 zephyr/arch/arch/arm/core/aarch32/cortex_m/libarch__arm__core__aarch32__cortex_m.a(fault.c.obj)
                0x0000000000003db8                z_arm_fault
 .text.z_arm_fault_init
                0x0000000000003edc       0x18 zephyr/arch/arch/arm/core/aarch32/cortex_m/libarch__arm__core__aarch32__cortex_m.a(fault.c.obj)
                0x0000000000003edc                z_arm_fault_init
 .text.__fault  0x0000000000003ef4       0x14 zephyr/arch/arch/arm/core/aarch32/cortex_m/libarch__arm__core__aarch32__cortex_m.a(fault_s.S.obj)
                0x0000000000003ef4                z_arm_usage_fault
                0x0000000000003ef4                z_arm_mpu_fault
                0x0000000000003ef4                z_arm_exc_spurious
                0x0000000000003ef4                z_arm_debug_monitor
                0x0000000000003ef4                z_arm_hard_fault
                0x0000000000003ef4                z_arm_bus_fault
 .text.z_arm_interrupt_init
                0x0000000000003f08       0x18 zephyr/arch/arch/arm/core/aarch32/cortex_m/libarch__arm__core__aarch32__cortex_m.a(irq_init.c.obj)
                0x0000000000003f08                z_arm_interrupt_init
 .text._reset_section
                0x0000000000003f20       0x60 zephyr/arch/arch/arm/core/aarch32/cortex_m/libarch__arm__core__aarch32__cortex_m.a(reset.S.obj)
                0x0000000000003f20                __start
                0x0000000000003f20                z_arm_reset
 .text.sys_arch_reboot
                0x0000000000003f80       0x24 zephyr/arch/arch/arm/core/aarch32/cortex_m/libarch__arm__core__aarch32__cortex_m.a(scb.c.obj)
                0x0000000000003f80                sys_arch_reboot
 .text.z_arm_clear_arm_mpu_config
                0x0000000000003fa4       0x24 zephyr/arch/arch/arm/core/aarch32/cortex_m/libarch__arm__core__aarch32__cortex_m.a(scb.c.obj)
                0x0000000000003fa4                z_arm_clear_arm_mpu_config
 .text.z_arm_init_arch_hw_at_boot
                0x0000000000003fc8       0x4c zephyr/arch/arch/arm/core/aarch32/cortex_m/libarch__arm__core__aarch32__cortex_m.a(scb.c.obj)
                0x0000000000003fc8                z_arm_init_arch_hw_at_boot
 .text.z_impl_k_thread_abort
                0x0000000000004014       0x2c zephyr/arch/arch/arm/core/aarch32/cortex_m/libarch__arm__core__aarch32__cortex_m.a(thread_abort.c.obj)
                0x0000000000004014                z_impl_k_thread_abort
 .text.z_arm_configure_static_mpu_regions
                0x0000000000004040       0x38 zephyr/arch/arch/arm/core/aarch32/mpu/libarch__arm__core__aarch32__mpu.a(arm_core_mpu.c.obj)
                0x0000000000004040                z_arm_configure_static_mpu_regions
 .text.region_init
                0x0000000000004078       0x34 zephyr/arch/arch/arm/core/aarch32/mpu/libarch__arm__core__aarch32__mpu.a(arm_mpu.c.obj)
 .text.mpu_configure_regions_and_partition.constprop.0
                0x00000000000040ac      0x14c zephyr/arch/arch/arm/core/aarch32/mpu/libarch__arm__core__aarch32__mpu.a(arm_mpu.c.obj)
 .text.arm_core_mpu_enable
                0x00000000000041f8       0x18 zephyr/arch/arch/arm/core/aarch32/mpu/libarch__arm__core__aarch32__mpu.a(arm_mpu.c.obj)
                0x00000000000041f8                arm_core_mpu_enable
 .text.arm_core_mpu_disable
                0x0000000000004210       0x14 zephyr/arch/arch/arm/core/aarch32/mpu/libarch__arm__core__aarch32__mpu.a(arm_mpu.c.obj)
                0x0000000000004210                arm_core_mpu_disable
 .text.arm_core_mpu_configure_static_mpu_regions
                0x0000000000004224       0x14 zephyr/arch/arch/arm/core/aarch32/mpu/libarch__arm__core__aarch32__mpu.a(arm_mpu.c.obj)
                0x0000000000004224                arm_core_mpu_configure_static_mpu_regions
 .text.arm_core_mpu_mark_areas_for_dynamic_regions
                0x0000000000004238       0xb8 zephyr/arch/arch/arm/core/aarch32/mpu/libarch__arm__core__aarch32__mpu.a(arm_mpu.c.obj)
                0x0000000000004238                arm_core_mpu_mark_areas_for_dynamic_regions
 .text.z_arm_mpu_init
                0x00000000000042f0       0x4c zephyr/arch/arch/arm/core/aarch32/mpu/libarch__arm__core__aarch32__mpu.a(arm_mpu.c.obj)
                0x00000000000042f0                z_arm_mpu_init
 .text.__chk_fail
                0x000000000000433c       0x18 zephyr/lib/libc/picolibc/liblib__libc__picolibc.a(libc-hooks.c.obj)
                0x000000000000433c                __chk_fail
 .text.malloc_prepare
                0x0000000000004354       0x24 zephyr/lib/libc/common/liblib__libc__common.a(malloc.c.obj)
 .text.remoteproc_mgr_boot
                0x0000000000004378       0x68 zephyr/boards/arm/nrf5340dk_nrf5340/libboards__arm__nrf5340dk_nrf5340.a(nrf5340_cpunet_reset.c.obj)
 .text.set_setting
                0x00000000000043e0       0xa4 zephyr/subsys/bluetooth/host/libsubsys__bluetooth__host.a(settings.c.obj)
 .text.bt_settings_encode_key
                0x0000000000004484       0x60 zephyr/subsys/bluetooth/host/libsubsys__bluetooth__host.a(settings.c.obj)
                0x0000000000004484                bt_settings_encode_key
 .text.bt_settings_store
                0x00000000000044e4       0x50 zephyr/subsys/bluetooth/host/libsubsys__bluetooth__host.a(settings.c.obj)
                0x00000000000044e4                bt_settings_store
 .text.do_store_id
                0x0000000000004534       0x24 zephyr/subsys/bluetooth/host/libsubsys__bluetooth__host.a(settings.c.obj)
 .text.do_store_irk
                0x0000000000004558       0x28 zephyr/subsys/bluetooth/host/libsubsys__bluetooth__host.a(settings.c.obj)
 .text.bt_settings_delete
                0x0000000000004580       0x4c zephyr/subsys/bluetooth/host/libsubsys__bluetooth__host.a(settings.c.obj)
                0x0000000000004580                bt_settings_delete
 .text.bt_settings_store_sc
                0x00000000000045cc       0x1c zephyr/subsys/bluetooth/host/libsubsys__bluetooth__host.a(settings.c.obj)
                0x00000000000045cc                bt_settings_store_sc
 .text.bt_settings_delete_sc
                0x00000000000045e8       0x10 zephyr/subsys/bluetooth/host/libsubsys__bluetooth__host.a(settings.c.obj)
                0x00000000000045e8                bt_settings_delete_sc
 .text.bt_settings_store_cf
                0x00000000000045f8       0x1c zephyr/subsys/bluetooth/host/libsubsys__bluetooth__host.a(settings.c.obj)
                0x00000000000045f8                bt_settings_store_cf
 .text.bt_settings_store_ccc
                0x0000000000004614       0x1c zephyr/subsys/bluetooth/host/libsubsys__bluetooth__host.a(settings.c.obj)
                0x0000000000004614                bt_settings_store_ccc
 .text.bt_settings_delete_ccc
                0x0000000000004630       0x10 zephyr/subsys/bluetooth/host/libsubsys__bluetooth__host.a(settings.c.obj)
                0x0000000000004630                bt_settings_delete_ccc
 .text.bt_settings_store_hash
                0x0000000000004640       0x1c zephyr/subsys/bluetooth/host/libsubsys__bluetooth__host.a(settings.c.obj)
                0x0000000000004640                bt_settings_store_hash
 .text.bt_settings_store_id
                0x000000000000465c       0x10 zephyr/subsys/bluetooth/host/libsubsys__bluetooth__host.a(settings.c.obj)
                0x000000000000465c                bt_settings_store_id
 .text.bt_settings_store_irk
                0x000000000000466c       0x10 zephyr/subsys/bluetooth/host/libsubsys__bluetooth__host.a(settings.c.obj)
                0x000000000000466c                bt_settings_store_irk
 .text.commit_settings
                0x000000000000467c       0x60 zephyr/subsys/bluetooth/host/libsubsys__bluetooth__host.a(settings.c.obj)
 .text.bt_settings_store_keys
                0x00000000000046dc       0x1c zephyr/subsys/bluetooth/host/libsubsys__bluetooth__host.a(settings.c.obj)
                0x00000000000046dc                bt_settings_store_keys
 .text.bt_settings_delete_keys
                0x00000000000046f8       0x10 zephyr/subsys/bluetooth/host/libsubsys__bluetooth__host.a(settings.c.obj)
                0x00000000000046f8                bt_settings_delete_keys
 .text.long_wq_init
                0x0000000000004708       0x38 zephyr/subsys/bluetooth/host/libsubsys__bluetooth__host.a(long_wq.c.obj)
 .text.bt_long_wq_schedule
                0x0000000000004740        0xc zephyr/subsys/bluetooth/host/libsubsys__bluetooth__host.a(long_wq.c.obj)
                0x0000000000004740                bt_long_wq_schedule
 .text.uuid_to_uuid128
                0x000000000000474c       0x78 zephyr/subsys/bluetooth/host/libsubsys__bluetooth__host.a(uuid.c.obj)
 .text.bt_buf_get_rx
                0x00000000000047c4       0x2c zephyr/subsys/bluetooth/host/libsubsys__bluetooth__host.a(buf.c.obj)
                0x00000000000047c4                bt_buf_get_rx
 .text.bt_buf_get_cmd_complete
                0x00000000000047f0       0x38 zephyr/subsys/bluetooth/host/libsubsys__bluetooth__host.a(buf.c.obj)
                0x00000000000047f0                bt_buf_get_cmd_complete
 .text.bt_buf_get_evt
                0x0000000000004828       0x58 zephyr/subsys/bluetooth/host/libsubsys__bluetooth__host.a(buf.c.obj)
                0x0000000000004828                bt_buf_get_evt
 .text.hci_disconn_complete_prio
                0x0000000000004880       0x40 zephyr/subsys/bluetooth/host/libsubsys__bluetooth__host.a(hci_core.c.obj)
 .text.unpair   0x00000000000048c0       0x8c zephyr/subsys/bluetooth/host/libsubsys__bluetooth__host.a(hci_core.c.obj)
 .text.find_pending_connect.part.0
                0x000000000000494c       0x2c zephyr/subsys/bluetooth/host/libsubsys__bluetooth__host.a(hci_core.c.obj)
 .text.hci_le_meta_event
                0x0000000000004978       0x20 zephyr/subsys/bluetooth/host/libsubsys__bluetooth__host.a(hci_core.c.obj)
 .text.rx_work_handler
                0x0000000000004998      0x128 zephyr/subsys/bluetooth/host/libsubsys__bluetooth__host.a(hci_core.c.obj)
 .text.hci_cmd_done
                0x0000000000004ac0       0xbc zephyr/subsys/bluetooth/host/libsubsys__bluetooth__host.a(hci_core.c.obj)
 .text.hci_cmd_status
                0x0000000000004b7c       0x2c zephyr/subsys/bluetooth/host/libsubsys__bluetooth__host.a(hci_core.c.obj)
 .text.hci_cmd_complete
                0x0000000000004ba8       0x30 zephyr/subsys/bluetooth/host/libsubsys__bluetooth__host.a(hci_core.c.obj)
 .text.bt_hci_cmd_state_set_init
                0x0000000000004bd8       0x24 zephyr/subsys/bluetooth/host/libsubsys__bluetooth__host.a(hci_core.c.obj)
                0x0000000000004bd8                bt_hci_cmd_state_set_init
 .text.bt_hci_cmd_create
                0x0000000000004bfc       0x74 zephyr/subsys/bluetooth/host/libsubsys__bluetooth__host.a(hci_core.c.obj)
                0x0000000000004bfc                bt_hci_cmd_create
 .text.bt_hci_cmd_send_sync
                0x0000000000004c70       0xd8 zephyr/subsys/bluetooth/host/libsubsys__bluetooth__host.a(hci_core.c.obj)
                0x0000000000004c70                bt_hci_cmd_send_sync
 .text.bt_hci_le_rand
                0x0000000000004d48       0x58 zephyr/subsys/bluetooth/host/libsubsys__bluetooth__host.a(hci_core.c.obj)
                0x0000000000004d48                bt_hci_le_rand
 .text.bt_get_phy
                0x0000000000004da0       0x14 zephyr/subsys/bluetooth/host/libsubsys__bluetooth__host.a(hci_core.c.obj)
                0x0000000000004da0                bt_get_phy
 .text.bt_hci_le_enh_conn_complete
                0x0000000000004db4      0x200 zephyr/subsys/bluetooth/host/libsubsys__bluetooth__host.a(hci_core.c.obj)
                0x0000000000004db4                bt_hci_le_enh_conn_complete
 .text.le_legacy_conn_complete
                0x0000000000004fb4       0x6c zephyr/subsys/bluetooth/host/libsubsys__bluetooth__host.a(hci_core.c.obj)
 .text.bt_unpair
                0x0000000000005020       0x44 zephyr/subsys/bluetooth/host/libsubsys__bluetooth__host.a(hci_core.c.obj)
                0x0000000000005020                bt_unpair
 .text.bt_security_err_get
                0x0000000000005064       0x10 zephyr/subsys/bluetooth/host/libsubsys__bluetooth__host.a(hci_core.c.obj)
                0x0000000000005064                bt_security_err_get
 .text.bt_send  0x0000000000005074       0x10 zephyr/subsys/bluetooth/host/libsubsys__bluetooth__host.a(hci_core.c.obj)
                0x0000000000005074                bt_send
 .text.bt_hci_cmd_send
                0x0000000000005084       0x44 zephyr/subsys/bluetooth/host/libsubsys__bluetooth__host.a(hci_core.c.obj)
                0x0000000000005084                bt_hci_cmd_send
 .text.bt_hci_host_num_completed_packets
                0x00000000000050c8       0x88 zephyr/subsys/bluetooth/host/libsubsys__bluetooth__host.a(hci_core.c.obj)
                0x00000000000050c8                bt_hci_host_num_completed_packets
 .text.hci_tx_thread
                0x0000000000005150      0x11c zephyr/subsys/bluetooth/host/libsubsys__bluetooth__host.a(hci_core.c.obj)
 .text.hci_event_prio
                0x000000000000526c       0xa4 zephyr/subsys/bluetooth/host/libsubsys__bluetooth__host.a(hci_core.c.obj)
                0x000000000000526c                hci_event_prio
 .text.bt_recv  0x0000000000005310       0x54 zephyr/subsys/bluetooth/host/libsubsys__bluetooth__host.a(hci_core.c.obj)
                0x0000000000005310                bt_recv
 .text.bt_hci_driver_register
                0x0000000000005364       0x28 zephyr/subsys/bluetooth/host/libsubsys__bluetooth__host.a(hci_core.c.obj)
                0x0000000000005364                bt_hci_driver_register
 .text.bt_finalize_init
                0x000000000000538c        0xc zephyr/subsys/bluetooth/host/libsubsys__bluetooth__host.a(hci_core.c.obj)
                0x000000000000538c                bt_finalize_init
 .text.init_work
                0x0000000000005398       0x18 zephyr/subsys/bluetooth/host/libsubsys__bluetooth__host.a(hci_core.c.obj)
 .text.bt_enable
                0x00000000000053b0       0xec zephyr/subsys/bluetooth/host/libsubsys__bluetooth__host.a(hci_core.c.obj)
                0x00000000000053b0                bt_enable
 .text.bt_get_name
                0x000000000000549c        0x8 zephyr/subsys/bluetooth/host/libsubsys__bluetooth__host.a(hci_core.c.obj)
                0x000000000000549c                bt_get_name
 .text.id_find  0x00000000000054a4       0x30 zephyr/subsys/bluetooth/host/libsubsys__bluetooth__host.a(id.c.obj)
 .text.le_rpa_timeout_submit
                0x00000000000054d4       0x3c zephyr/subsys/bluetooth/host/libsubsys__bluetooth__host.a(id.c.obj)
 .text.le_rpa_invalidate
                0x0000000000005510       0x24 zephyr/subsys/bluetooth/host/libsubsys__bluetooth__host.a(id.c.obj)
 .text.hci_id_add
                0x0000000000005534       0x78 zephyr/subsys/bluetooth/host/libsubsys__bluetooth__host.a(id.c.obj)
 .text.id_create
                0x00000000000055ac       0xfc zephyr/subsys/bluetooth/host/libsubsys__bluetooth__host.a(id.c.obj)
 .text.set_random_address
                0x00000000000056a8       0x50 zephyr/subsys/bluetooth/host/libsubsys__bluetooth__host.a(id.c.obj)
 .text.bt_id_set_private_addr
                0x00000000000056f8       0x50 zephyr/subsys/bluetooth/host/libsubsys__bluetooth__host.a(id.c.obj)
                0x00000000000056f8                bt_id_set_private_addr
 .text.rpa_timeout
                0x0000000000005748       0x50 zephyr/subsys/bluetooth/host/libsubsys__bluetooth__host.a(id.c.obj)
 .text.bt_id_pending_keys_update
                0x0000000000005798       0x2c zephyr/subsys/bluetooth/host/libsubsys__bluetooth__host.a(id.c.obj)
                0x0000000000005798                bt_id_pending_keys_update
 .text.bt_id_find_conflict
                0x00000000000057c4       0x20 zephyr/subsys/bluetooth/host/libsubsys__bluetooth__host.a(id.c.obj)
                0x00000000000057c4                bt_id_find_conflict
 .text.bt_id_add
                0x00000000000057e4      0x120 zephyr/subsys/bluetooth/host/libsubsys__bluetooth__host.a(id.c.obj)
                0x00000000000057e4                bt_id_add
 .text.bt_id_del
                0x0000000000005904      0x100 zephyr/subsys/bluetooth/host/libsubsys__bluetooth__host.a(id.c.obj)
                0x0000000000005904                bt_id_del
 .text.bt_id_create
                0x0000000000005a04       0xa0 zephyr/subsys/bluetooth/host/libsubsys__bluetooth__host.a(id.c.obj)
                0x0000000000005a04                bt_id_create
 .text.bt_id_read_public_addr
                0x0000000000005aa4       0x5c zephyr/subsys/bluetooth/host/libsubsys__bluetooth__host.a(id.c.obj)
                0x0000000000005aa4                bt_id_read_public_addr
 .text.bt_setup_public_id_addr
                0x0000000000005b00       0x80 zephyr/subsys/bluetooth/host/libsubsys__bluetooth__host.a(id.c.obj)
                0x0000000000005b00                bt_setup_public_id_addr
 .text.bt_read_static_addr
                0x0000000000005b80       0x68 zephyr/subsys/bluetooth/host/libsubsys__bluetooth__host.a(id.c.obj)
                0x0000000000005b80                bt_read_static_addr
 .text.bt_setup_random_id_addr
                0x0000000000005be8       0x94 zephyr/subsys/bluetooth/host/libsubsys__bluetooth__host.a(id.c.obj)
                0x0000000000005be8                bt_setup_random_id_addr
 .text.bt_id_set_adv_own_addr
                0x0000000000005c7c       0xe8 zephyr/subsys/bluetooth/host/libsubsys__bluetooth__host.a(id.c.obj)
                0x0000000000005c7c                bt_id_set_adv_own_addr
 .text.bt_id_init
                0x0000000000005d64       0x24 zephyr/subsys/bluetooth/host/libsubsys__bluetooth__host.a(id.c.obj)
                0x0000000000005d64                bt_id_init
 .text.valid_adv_param
                0x0000000000005d88       0x8c zephyr/subsys/bluetooth/host/libsubsys__bluetooth__host.a(adv.c.obj)
 .text.adv_is_directed
                0x0000000000005e14       0x18 zephyr/subsys/bluetooth/host/libsubsys__bluetooth__host.a(adv.c.obj)
 .text.le_adv_start_add_conn
                0x0000000000005e2c       0x60 zephyr/subsys/bluetooth/host/libsubsys__bluetooth__host.a(adv.c.obj)
 .text.bt_le_ext_adv_foreach
                0x0000000000005e8c        0xc zephyr/subsys/bluetooth/host/libsubsys__bluetooth__host.a(adv.c.obj)
                0x0000000000005e8c                bt_le_ext_adv_foreach
 .text.bt_le_adv_lookup_legacy
                0x0000000000005e98        0x8 zephyr/subsys/bluetooth/host/libsubsys__bluetooth__host.a(adv.c.obj)
                0x0000000000005e98                bt_le_adv_lookup_legacy
 .text.bt_le_adv_start_legacy
                0x0000000000005ea0      0x248 zephyr/subsys/bluetooth/host/libsubsys__bluetooth__host.a(adv.c.obj)
                0x0000000000005ea0                bt_le_adv_start_legacy
 .text.bt_le_adv_start
                0x00000000000060e8       0x64 zephyr/subsys/bluetooth/host/libsubsys__bluetooth__host.a(adv.c.obj)
                0x00000000000060e8                bt_le_adv_start
 .text.bt_le_adv_stop
                0x000000000000614c       0x78 zephyr/subsys/bluetooth/host/libsubsys__bluetooth__host.a(adv.c.obj)
                0x000000000000614c                bt_le_adv_stop
 .text.bt_le_adv_resume
                0x00000000000061c4       0xdc zephyr/subsys/bluetooth/host/libsubsys__bluetooth__host.a(adv.c.obj)
                0x00000000000061c4                bt_le_adv_resume
 .text.prng_reseed.constprop.0
                0x00000000000062a0       0x50 zephyr/subsys/bluetooth/host/libsubsys__bluetooth__host.a(crypto.c.obj)
 .text.prng_init
                0x00000000000062f0       0x2c zephyr/subsys/bluetooth/host/libsubsys__bluetooth__host.a(crypto.c.obj)
                0x00000000000062f0                prng_init
 .text.bt_rand  0x000000000000631c       0x3c zephyr/subsys/bluetooth/host/libsubsys__bluetooth__host.a(crypto.c.obj)
                0x000000000000631c                bt_rand
 .text.bt_pub_key_is_debug
                0x0000000000006358       0x18 zephyr/subsys/bluetooth/host/libsubsys__bluetooth__host.a(ecc.c.obj)
                0x0000000000006358                bt_pub_key_is_debug
 .text.bt_pub_key_gen
                0x0000000000006370       0xbc zephyr/subsys/bluetooth/host/libsubsys__bluetooth__host.a(ecc.c.obj)
                0x0000000000006370                bt_pub_key_gen
 .text.bt_pub_key_get
                0x000000000000642c       0x1c zephyr/subsys/bluetooth/host/libsubsys__bluetooth__host.a(ecc.c.obj)
                0x000000000000642c                bt_pub_key_get
 .text.bt_dh_key_gen
                0x0000000000006448       0x80 zephyr/subsys/bluetooth/host/libsubsys__bluetooth__host.a(ecc.c.obj)
                0x0000000000006448                bt_dh_key_gen
 .text.bt_hci_evt_le_pkey_complete
                0x00000000000064c8       0x74 zephyr/subsys/bluetooth/host/libsubsys__bluetooth__host.a(ecc.c.obj)
                0x00000000000064c8                bt_hci_evt_le_pkey_complete
 .text.bt_hci_evt_le_dhkey_complete
                0x000000000000653c       0x1c zephyr/subsys/bluetooth/host/libsubsys__bluetooth__host.a(ecc.c.obj)
                0x000000000000653c                bt_hci_evt_le_dhkey_complete
 .text.notify_connected
                0x0000000000006558       0x3c zephyr/subsys/bluetooth/host/libsubsys__bluetooth__host.a(conn.c.obj)
 .text.tx_notify
                0x0000000000006594       0x60 zephyr/subsys/bluetooth/host/libsubsys__bluetooth__host.a(conn.c.obj)
 .text.conn_tx_destroy
                0x00000000000065f4       0x2c zephyr/subsys/bluetooth/host/libsubsys__bluetooth__host.a(conn.c.obj)
 .text.send_frag
                0x0000000000006620      0x160 zephyr/subsys/bluetooth/host/libsubsys__bluetooth__host.a(conn.c.obj)
 .text.bt_conn_get_pkts
                0x0000000000006780       0x18 zephyr/subsys/bluetooth/host/libsubsys__bluetooth__host.a(conn.c.obj)
                0x0000000000006780                bt_conn_get_pkts
 .text.bt_conn_new
                0x0000000000006798       0x5c zephyr/subsys/bluetooth/host/libsubsys__bluetooth__host.a(conn.c.obj)
                0x0000000000006798                bt_conn_new
 .text.bt_conn_send_cb
                0x00000000000067f4       0x8c zephyr/subsys/bluetooth/host/libsubsys__bluetooth__host.a(conn.c.obj)
                0x00000000000067f4                bt_conn_send_cb
 .text.bt_conn_prepare_events
                0x0000000000006880       0x90 zephyr/subsys/bluetooth/host/libsubsys__bluetooth__host.a(conn.c.obj)
                0x0000000000006880                bt_conn_prepare_events
 .text.bt_conn_set_state
                0x0000000000006910      0x170 zephyr/subsys/bluetooth/host/libsubsys__bluetooth__host.a(conn.c.obj)
                0x0000000000006910                bt_conn_set_state
 .text.bt_conn_lookup_handle
                0x0000000000006a80       0x28 zephyr/subsys/bluetooth/host/libsubsys__bluetooth__host.a(conn.c.obj)
                0x0000000000006a80                bt_conn_lookup_handle
 .text.bt_conn_foreach
                0x0000000000006aa8       0x30 zephyr/subsys/bluetooth/host/libsubsys__bluetooth__host.a(conn.c.obj)
                0x0000000000006aa8                bt_conn_foreach
 .text.bt_conn_index
                0x0000000000006ad8       0x18 zephyr/subsys/bluetooth/host/libsubsys__bluetooth__host.a(conn.c.obj)
                0x0000000000006ad8                bt_conn_index
 .text.bt_conn_create_pdu_timeout
                0x0000000000006af0       0x24 zephyr/subsys/bluetooth/host/libsubsys__bluetooth__host.a(conn.c.obj)
                0x0000000000006af0                bt_conn_create_pdu_timeout
 .text.notify_le_param_updated
                0x0000000000006b14       0x80 zephyr/subsys/bluetooth/host/libsubsys__bluetooth__host.a(conn.c.obj)
                0x0000000000006b14                notify_le_param_updated
 .text.notify_le_data_len_updated
                0x0000000000006b94       0x44 zephyr/subsys/bluetooth/host/libsubsys__bluetooth__host.a(conn.c.obj)
                0x0000000000006b94                notify_le_data_len_updated
 .text.notify_le_phy_updated
                0x0000000000006bd8       0x44 zephyr/subsys/bluetooth/host/libsubsys__bluetooth__host.a(conn.c.obj)
                0x0000000000006bd8                notify_le_phy_updated
 .text.le_param_req
                0x0000000000006c1c       0x74 zephyr/subsys/bluetooth/host/libsubsys__bluetooth__host.a(conn.c.obj)
                0x0000000000006c1c                le_param_req
 .text.bt_conn_identity_resolved
                0x0000000000006c90       0x5c zephyr/subsys/bluetooth/host/libsubsys__bluetooth__host.a(conn.c.obj)
                0x0000000000006c90                bt_conn_identity_resolved
 .text.bt_conn_security_changed
                0x0000000000006cec       0x4c zephyr/subsys/bluetooth/host/libsubsys__bluetooth__host.a(conn.c.obj)
                0x0000000000006cec                bt_conn_security_changed
 .text.bt_conn_cb_register
                0x0000000000006d38       0x10 zephyr/subsys/bluetooth/host/libsubsys__bluetooth__host.a(conn.c.obj)
                0x0000000000006d38                bt_conn_cb_register
 .text.bt_conn_add_le
                0x0000000000006d48       0x3c zephyr/subsys/bluetooth/host/libsubsys__bluetooth__host.a(conn.c.obj)
                0x0000000000006d48                bt_conn_add_le
 .text.bt_conn_lookup_addr_le
                0x0000000000006d84       0x34 zephyr/subsys/bluetooth/host/libsubsys__bluetooth__host.a(conn.c.obj)
                0x0000000000006d84                bt_conn_lookup_addr_le
 .text.bt_conn_lookup_state_le
                0x0000000000006db8       0x44 zephyr/subsys/bluetooth/host/libsubsys__bluetooth__host.a(conn.c.obj)
                0x0000000000006db8                bt_conn_lookup_state_le
 .text.send_conn_le_param_update
                0x0000000000006dfc       0x68 zephyr/subsys/bluetooth/host/libsubsys__bluetooth__host.a(conn.c.obj)
 .text.deferred_work
                0x0000000000006e64       0xa4 zephyr/subsys/bluetooth/host/libsubsys__bluetooth__host.a(conn.c.obj)
 .text.bt_conn_create_frag_timeout
                0x0000000000006f08        0xc zephyr/subsys/bluetooth/host/libsubsys__bluetooth__host.a(conn.c.obj)
                0x0000000000006f08                bt_conn_create_frag_timeout
 .text.bt_conn_process_tx
                0x0000000000006f14      0x114 zephyr/subsys/bluetooth/host/libsubsys__bluetooth__host.a(conn.c.obj)
                0x0000000000006f14                bt_conn_process_tx
 .text.bt_conn_auth_cb_register
                0x0000000000007028       0x34 zephyr/subsys/bluetooth/host/libsubsys__bluetooth__host.a(conn.c.obj)
                0x0000000000007028                bt_conn_auth_cb_register
 .text.bt_conn_auth_info_cb_register
                0x000000000000705c       0x28 zephyr/subsys/bluetooth/host/libsubsys__bluetooth__host.a(conn.c.obj)
                0x000000000000705c                bt_conn_auth_info_cb_register
 .text.bt_conn_init
                0x0000000000007084       0x3c zephyr/subsys/bluetooth/host/libsubsys__bluetooth__host.a(conn.c.obj)
                0x0000000000007084                bt_conn_init
 .text.l2cap_accept
                0x00000000000070c0       0x1c zephyr/subsys/bluetooth/host/libsubsys__bluetooth__host.a(l2cap.c.obj)
 .text.bt_l2cap_connected
                0x00000000000070dc       0x8c zephyr/subsys/bluetooth/host/libsubsys__bluetooth__host.a(l2cap.c.obj)
                0x00000000000070dc                bt_l2cap_connected
 .text.bt_l2cap_update_conn_param
                0x0000000000007168       0x64 zephyr/subsys/bluetooth/host/libsubsys__bluetooth__host.a(l2cap.c.obj)
                0x0000000000007168                bt_l2cap_update_conn_param
 .text.att_op_get_type
                0x00000000000071cc       0x74 zephyr/subsys/bluetooth/host/libsubsys__bluetooth__host.a(att.c.obj)
 .text.bt_att_released
                0x0000000000007240        0xc zephyr/subsys/bluetooth/host/libsubsys__bluetooth__host.a(att.c.obj)
 .text.tx_meta_data_free
                0x000000000000724c       0x3c zephyr/subsys/bluetooth/host/libsubsys__bluetooth__host.a(att.c.obj)
 .text.read_group_cb
                0x0000000000007288       0xb8 zephyr/subsys/bluetooth/host/libsubsys__bluetooth__host.a(att.c.obj)
 .text.bt_att_chan_create_pdu
                0x0000000000007340       0xbc zephyr/subsys/bluetooth/host/libsubsys__bluetooth__host.a(att.c.obj)
 .text.read_type_cb
                0x00000000000073fc       0xac zephyr/subsys/bluetooth/host/libsubsys__bluetooth__host.a(att.c.obj)
 .text.bt_att_accept
                0x00000000000074a8       0xc4 zephyr/subsys/bluetooth/host/libsubsys__bluetooth__host.a(att.c.obj)
 .text.chan_send
                0x000000000000756c       0xa4 zephyr/subsys/bluetooth/host/libsubsys__bluetooth__host.a(att.c.obj)
 .text.bt_att_connected
                0x0000000000007610       0x38 zephyr/subsys/bluetooth/host/libsubsys__bluetooth__host.a(att.c.obj)
 .text.bt_att_recv
                0x0000000000007648       0xf4 zephyr/subsys/bluetooth/host/libsubsys__bluetooth__host.a(att.c.obj)
 .text.att_write_rsp.constprop.0
                0x000000000000773c       0xc8 zephyr/subsys/bluetooth/host/libsubsys__bluetooth__host.a(att.c.obj)
 .text.att_read_group_req
                0x0000000000007804       0xfc zephyr/subsys/bluetooth/host/libsubsys__bluetooth__host.a(att.c.obj)
 .text.att_read_mult_vl_req
                0x0000000000007900       0xa8 zephyr/subsys/bluetooth/host/libsubsys__bluetooth__host.a(att.c.obj)
 .text.att_read_mult_req
                0x00000000000079a8       0xa8 zephyr/subsys/bluetooth/host/libsubsys__bluetooth__host.a(att.c.obj)
 .text.att_read_rsp
                0x0000000000007a50       0x9c zephyr/subsys/bluetooth/host/libsubsys__bluetooth__host.a(att.c.obj)
 .text.att_read_type_req
                0x0000000000007aec       0xc8 zephyr/subsys/bluetooth/host/libsubsys__bluetooth__host.a(att.c.obj)
 .text.att_find_type_req
                0x0000000000007bb4       0xcc zephyr/subsys/bluetooth/host/libsubsys__bluetooth__host.a(att.c.obj)
 .text.att_find_info_req
                0x0000000000007c80       0x74 zephyr/subsys/bluetooth/host/libsubsys__bluetooth__host.a(att.c.obj)
 .text.bt_att_init
                0x0000000000007cf4       0x30 zephyr/subsys/bluetooth/host/libsubsys__bluetooth__host.a(att.c.obj)
                0x0000000000007cf4                bt_att_init
 .text.bt_att_req_alloc
                0x0000000000007d24       0x50 zephyr/subsys/bluetooth/host/libsubsys__bluetooth__host.a(att.c.obj)
                0x0000000000007d24                bt_att_req_alloc
 .text.bt_att_req_free
                0x0000000000007d74       0x28 zephyr/subsys/bluetooth/host/libsubsys__bluetooth__host.a(att.c.obj)
                0x0000000000007d74                bt_att_req_free
 .text.att_handle_rsp
                0x0000000000007d9c       0x6c zephyr/subsys/bluetooth/host/libsubsys__bluetooth__host.a(att.c.obj)
 .text.att_error_rsp
                0x0000000000007e08       0x70 zephyr/subsys/bluetooth/host/libsubsys__bluetooth__host.a(att.c.obj)
 .text.bt_att_disconnected
                0x0000000000007e78       0xcc zephyr/subsys/bluetooth/host/libsubsys__bluetooth__host.a(att.c.obj)
 .text.att_timeout
                0x0000000000007f44       0x88 zephyr/subsys/bluetooth/host/libsubsys__bluetooth__host.a(att.c.obj)
 .text.bt_att_req_cancel
                0x0000000000007fcc       0x54 zephyr/subsys/bluetooth/host/libsubsys__bluetooth__host.a(att.c.obj)
                0x0000000000007fcc                bt_att_req_cancel
 .text.db_hash_set
                0x0000000000008020       0x18 zephyr/subsys/bluetooth/host/libsubsys__bluetooth__host.a(gatt.c.obj)
 .text.find_cf_cfg_by_addr
                0x0000000000008038       0x40 zephyr/subsys/bluetooth/host/libsubsys__bluetooth__host.a(gatt.c.obj)
 .text.gatt_delayed_store_find
                0x0000000000008078       0x44 zephyr/subsys/bluetooth/host/libsubsys__bluetooth__host.a(gatt.c.obj)
 .text.find_sc_cfg
                0x00000000000080bc       0x40 zephyr/subsys/bluetooth/host/libsubsys__bluetooth__host.a(gatt.c.obj)
 .text.find_cf_cfg
                0x00000000000080fc       0x5c zephyr/subsys/bluetooth/host/libsubsys__bluetooth__host.a(gatt.c.obj)
 .text.find_ccc_cfg
                0x0000000000008158       0x28 zephyr/subsys/bluetooth/host/libsubsys__bluetooth__host.a(gatt.c.obj)
 .text.gatt_sub_find
                0x0000000000008180       0x5c zephyr/subsys/bluetooth/host/libsubsys__bluetooth__host.a(gatt.c.obj)
 .text.gatt_delayed_store_enqueue
                0x00000000000081dc       0x80 zephyr/subsys/bluetooth/host/libsubsys__bluetooth__host.a(gatt.c.obj)
 .text.gatt_sub_remove
                0x000000000000825c       0x48 zephyr/subsys/bluetooth/host/libsubsys__bluetooth__host.a(gatt.c.obj)
 .text.ccc_load
                0x00000000000082a4       0x8c zephyr/subsys/bluetooth/host/libsubsys__bluetooth__host.a(gatt.c.obj)
 .text.sc_save  0x0000000000008330       0x6c zephyr/subsys/bluetooth/host/libsubsys__bluetooth__host.a(gatt.c.obj)
 .text.sc_set   0x000000000000839c       0x8c zephyr/subsys/bluetooth/host/libsubsys__bluetooth__host.a(gatt.c.obj)
 .text.read_ppcp
                0x0000000000008428       0x28 zephyr/subsys/bluetooth/host/libsubsys__bluetooth__host.a(gatt.c.obj)
 .text.remove_peer_from_attr
                0x0000000000008450       0x28 zephyr/subsys/bluetooth/host/libsubsys__bluetooth__host.a(gatt.c.obj)
 .text.convert_to_id_on_match
                0x0000000000008478       0x2c zephyr/subsys/bluetooth/host/libsubsys__bluetooth__host.a(gatt.c.obj)
 .text.ccc_save
                0x00000000000084a4       0x38 zephyr/subsys/bluetooth/host/libsubsys__bluetooth__host.a(gatt.c.obj)
 .text.sc_indicate.part.0
                0x00000000000084dc       0x10 zephyr/subsys/bluetooth/host/libsubsys__bluetooth__host.a(gatt.c.obj)
 .text.sc_commit
                0x00000000000084ec       0x2c zephyr/subsys/bluetooth/host/libsubsys__bluetooth__host.a(gatt.c.obj)
 .text.clear_cf_cfg
                0x0000000000008518       0x28 zephyr/subsys/bluetooth/host/libsubsys__bluetooth__host.a(gatt.c.obj)
 .text.disconnected_cb
                0x0000000000008540       0xa0 zephyr/subsys/bluetooth/host/libsubsys__bluetooth__host.a(gatt.c.obj)
 .text.bt_gatt_attr_write_ccc
                0x00000000000085e0       0xbc zephyr/subsys/bluetooth/host/libsubsys__bluetooth__host.a(gatt.c.obj)
                0x00000000000085e0                bt_gatt_attr_write_ccc
 .text.gatt_write_ccc
                0x000000000000869c       0x30 zephyr/subsys/bluetooth/host/libsubsys__bluetooth__host.a(gatt.c.obj)
 .text.sc_indicate.constprop.0
                0x00000000000086cc       0x58 zephyr/subsys/bluetooth/host/libsubsys__bluetooth__host.a(gatt.c.obj)
 .text.sc_indicate_rsp
                0x0000000000008724       0x4c zephyr/subsys/bluetooth/host/libsubsys__bluetooth__host.a(gatt.c.obj)
 .text.set_all_change_unaware
                0x0000000000008770       0x58 zephyr/subsys/bluetooth/host/libsubsys__bluetooth__host.a(gatt.c.obj)
 .text.bt_gatt_init
                0x00000000000087c8       0xb4 zephyr/subsys/bluetooth/host/libsubsys__bluetooth__host.a(gatt.c.obj)
                0x00000000000087c8                bt_gatt_init
 .text.bt_gatt_attr_get_handle
                0x000000000000887c       0x60 zephyr/subsys/bluetooth/host/libsubsys__bluetooth__host.a(gatt.c.obj)
                0x000000000000887c                bt_gatt_attr_get_handle
 .text.bt_gatt_foreach_attr_type
                0x00000000000088dc       0xb4 zephyr/subsys/bluetooth/host/libsubsys__bluetooth__host.a(gatt.c.obj)
                0x00000000000088dc                bt_gatt_foreach_attr_type
 .text.db_hash_gen
                0x0000000000008990       0x64 zephyr/subsys/bluetooth/host/libsubsys__bluetooth__host.a(gatt.c.obj)
 .text.db_hash_read
                0x00000000000089f4       0x78 zephyr/subsys/bluetooth/host/libsubsys__bluetooth__host.a(gatt.c.obj)
 .text.do_db_hash
                0x0000000000008a6c       0x7c zephyr/subsys/bluetooth/host/libsubsys__bluetooth__host.a(gatt.c.obj)
 .text.db_hash_commit
                0x0000000000008ae8       0x18 zephyr/subsys/bluetooth/host/libsubsys__bluetooth__host.a(gatt.c.obj)
 .text.ccc_set_direct
                0x0000000000008b00       0x98 zephyr/subsys/bluetooth/host/libsubsys__bluetooth__host.a(gatt.c.obj)
 .text.bt_gatt_attr_next
                0x0000000000008b98       0x24 zephyr/subsys/bluetooth/host/libsubsys__bluetooth__host.a(gatt.c.obj)
                0x0000000000008b98                bt_gatt_attr_next
 .text.gatt_indicate
                0x0000000000008bbc       0xbc zephyr/subsys/bluetooth/host/libsubsys__bluetooth__host.a(gatt.c.obj)
 .text.bt_gatt_indicate
                0x0000000000008c78       0xf0 zephyr/subsys/bluetooth/host/libsubsys__bluetooth__host.a(gatt.c.obj)
                0x0000000000008c78                bt_gatt_indicate
 .text.sc_process
                0x0000000000008d68       0x5c zephyr/subsys/bluetooth/host/libsubsys__bluetooth__host.a(gatt.c.obj)
 .text.update_ccc
                0x0000000000008dc4       0xec zephyr/subsys/bluetooth/host/libsubsys__bluetooth__host.a(gatt.c.obj)
 .text.bt_gatt_notify_cb
                0x0000000000008eb0       0xe8 zephyr/subsys/bluetooth/host/libsubsys__bluetooth__host.a(gatt.c.obj)
                0x0000000000008eb0                bt_gatt_notify_cb
 .text.notify_cb
                0x0000000000008f98      0x118 zephyr/subsys/bluetooth/host/libsubsys__bluetooth__host.a(gatt.c.obj)
 .text.bt_gatt_exchange_mtu
                0x00000000000090b0       0x58 zephyr/subsys/bluetooth/host/libsubsys__bluetooth__host.a(gatt.c.obj)
                0x00000000000090b0                bt_gatt_exchange_mtu
 .text.bt_gatt_unsubscribe
                0x0000000000009108       0xd8 zephyr/subsys/bluetooth/host/libsubsys__bluetooth__host.a(gatt.c.obj)
                0x0000000000009108                bt_gatt_unsubscribe
 .text.bt_gatt_connected
                0x00000000000091e0       0x78 zephyr/subsys/bluetooth/host/libsubsys__bluetooth__host.a(gatt.c.obj)
                0x00000000000091e0                bt_gatt_connected
 .text.bt_gatt_att_max_mtu_changed
                0x0000000000009258       0x28 zephyr/subsys/bluetooth/host/libsubsys__bluetooth__host.a(gatt.c.obj)
                0x0000000000009258                bt_gatt_att_max_mtu_changed
 .text.bt_gatt_encrypt_change
                0x0000000000009280       0x74 zephyr/subsys/bluetooth/host/libsubsys__bluetooth__host.a(gatt.c.obj)
                0x0000000000009280                bt_gatt_encrypt_change
 .text.bt_gatt_store_ccc
                0x00000000000092f4       0x3c zephyr/subsys/bluetooth/host/libsubsys__bluetooth__host.a(gatt.c.obj)
                0x00000000000092f4                bt_gatt_store_ccc
 .text.bt_gatt_identity_resolved
                0x0000000000009330       0x5c zephyr/subsys/bluetooth/host/libsubsys__bluetooth__host.a(gatt.c.obj)
 .text.bt_gatt_clear
                0x000000000000938c       0xd4 zephyr/subsys/bluetooth/host/libsubsys__bluetooth__host.a(gatt.c.obj)
                0x000000000000938c                bt_gatt_clear
 .text.bt_gatt_disconnected
                0x0000000000009460      0x100 zephyr/subsys/bluetooth/host/libsubsys__bluetooth__host.a(gatt.c.obj)
                0x0000000000009460                bt_gatt_disconnected
 .text.bt_smp_accept
                0x0000000000009560       0x20 zephyr/subsys/bluetooth/host/libsubsys__bluetooth__host.a(smp.c.obj)
 .text.smp_find
                0x0000000000009580       0x1c zephyr/subsys/bluetooth/host/libsubsys__bluetooth__host.a(smp.c.obj)
 .text.latch_auth_cb
                0x000000000000959c       0x2c zephyr/subsys/bluetooth/host/libsubsys__bluetooth__host.a(smp.c.obj)
 .text.get_io_capa
                0x00000000000095c8       0x4c zephyr/subsys/bluetooth/host/libsubsys__bluetooth__host.a(smp.c.obj)
 .text.smp_init
                0x0000000000009614       0x38 zephyr/subsys/bluetooth/host/libsubsys__bluetooth__host.a(smp.c.obj)
 .text.smp_dhkey_generate
                0x000000000000964c       0x2c zephyr/subsys/bluetooth/host/libsubsys__bluetooth__host.a(smp.c.obj)
 .text.smp_send_pairing_confirm
                0x0000000000009678       0x7c zephyr/subsys/bluetooth/host/libsubsys__bluetooth__host.a(smp.c.obj)
 .text.smp_public_key_periph
                0x00000000000096f4      0x138 zephyr/subsys/bluetooth/host/libsubsys__bluetooth__host.a(smp.c.obj)
 .text.smp_public_key
                0x000000000000982c       0x98 zephyr/subsys/bluetooth/host/libsubsys__bluetooth__host.a(smp.c.obj)
 .text.bt_smp_connected
                0x00000000000098c4       0x44 zephyr/subsys/bluetooth/host/libsubsys__bluetooth__host.a(smp.c.obj)
 .text.smp_pairing_random
                0x0000000000009908      0x204 zephyr/subsys/bluetooth/host/libsubsys__bluetooth__host.a(smp.c.obj)
 .text.get_auth
                0x0000000000009b0c       0x58 zephyr/subsys/bluetooth/host/libsubsys__bluetooth__host.a(smp.c.obj)
 .text.smp_pairing_req
                0x0000000000009b64      0x374 zephyr/subsys/bluetooth/host/libsubsys__bluetooth__host.a(smp.c.obj)
 .text.bt_smp_start_security
                0x0000000000009ed8      0x18c zephyr/subsys/bluetooth/host/libsubsys__bluetooth__host.a(smp.c.obj)
                0x0000000000009ed8                bt_smp_start_security
 .text.smp_pairing_complete
                0x000000000000a064      0x118 zephyr/subsys/bluetooth/host/libsubsys__bluetooth__host.a(smp.c.obj)
 .text.bt_smp_recv
                0x000000000000a17c       0x84 zephyr/subsys/bluetooth/host/libsubsys__bluetooth__host.a(smp.c.obj)
 .text.bt_smp_pkey_ready
                0x000000000000a200       0x38 zephyr/subsys/bluetooth/host/libsubsys__bluetooth__host.a(smp.c.obj)
 .text.smp_ident_addr_info
                0x000000000000a238      0x124 zephyr/subsys/bluetooth/host/libsubsys__bluetooth__host.a(smp.c.obj)
 .text.bt_smp_encrypt_change
                0x000000000000a35c      0x264 zephyr/subsys/bluetooth/host/libsubsys__bluetooth__host.a(smp.c.obj)
 .text.bt_smp_init
                0x000000000000a5c0       0x2c zephyr/subsys/bluetooth/host/libsubsys__bluetooth__host.a(smp.c.obj)
                0x000000000000a5c0                bt_smp_init
 .text.bt_keys_get_addr
                0x000000000000a5ec       0x4c zephyr/subsys/bluetooth/host/libsubsys__bluetooth__host.a(keys.c.obj)
                0x000000000000a5ec                bt_keys_get_addr
 .text.bt_foreach_bond
                0x000000000000a638       0x44 zephyr/subsys/bluetooth/host/libsubsys__bluetooth__host.a(keys.c.obj)
                0x000000000000a638                bt_foreach_bond
 .text.bt_keys_foreach_type
                0x000000000000a67c       0x1c zephyr/subsys/bluetooth/host/libsubsys__bluetooth__host.a(keys.c.obj)
                0x000000000000a67c                bt_keys_foreach_type
 .text.keys_commit
                0x000000000000a698       0x14 zephyr/subsys/bluetooth/host/libsubsys__bluetooth__host.a(keys.c.obj)
 .text.bt_keys_find
                0x000000000000a6ac       0x38 zephyr/subsys/bluetooth/host/libsubsys__bluetooth__host.a(keys.c.obj)
                0x000000000000a6ac                bt_keys_find
 .text.bt_keys_find_irk
                0x000000000000a6e4       0x80 zephyr/subsys/bluetooth/host/libsubsys__bluetooth__host.a(keys.c.obj)
                0x000000000000a6e4                bt_keys_find_irk
 .text.bt_keys_find_addr
                0x000000000000a764       0x24 zephyr/subsys/bluetooth/host/libsubsys__bluetooth__host.a(keys.c.obj)
                0x000000000000a764                bt_keys_find_addr
 .text.bt_crypto_f5
                0x000000000000a788       0xd0 zephyr/subsys/bluetooth/crypto/libsubsys__bluetooth__crypto.a(bt_crypto.c.obj)
                0x000000000000a788                bt_crypto_f5
 .text.bt_crypto_g2
                0x000000000000a858       0x5c zephyr/subsys/bluetooth/crypto/libsubsys__bluetooth__crypto.a(bt_crypto.c.obj)
                0x000000000000a858                bt_crypto_g2
 .text.net_buf_pool_get
                0x000000000000a8b4       0x10 zephyr/subsys/net/libsubsys__net.a(buf.c.obj)
                0x000000000000a8b4                net_buf_pool_get
 .text.net_buf_id
                0x000000000000a8c4       0x20 zephyr/subsys/net/libsubsys__net.a(buf.c.obj)
                0x000000000000a8c4                net_buf_id
 .text.fixed_data_alloc
                0x000000000000a8e4       0x30 zephyr/subsys/net/libsubsys__net.a(buf.c.obj)
 .text.net_buf_alloc_len
                0x000000000000a914       0xfc zephyr/subsys/net/libsubsys__net.a(buf.c.obj)
                0x000000000000a914                net_buf_alloc_len
 .text.net_buf_unref
                0x000000000000aa10       0x64 zephyr/subsys/net/libsubsys__net.a(buf.c.obj)
                0x000000000000aa10                net_buf_unref
 .text.adc_context_start_sampling
                0x000000000000aa74       0x1c zephyr/drivers/adc/libdrivers__adc.a(adc_nrfx_saadc.c.obj)
 .text.adc_nrfx_channel_setup
                0x000000000000aa90       0xd8 zephyr/drivers/adc/libdrivers__adc.a(adc_nrfx_saadc.c.obj)
 .text.adc_nrfx_read
                0x000000000000ab68      0x17c zephyr/drivers/adc/libdrivers__adc.a(adc_nrfx_saadc.c.obj)
 .text.init_saadc
                0x000000000000ace4       0x44 zephyr/drivers/adc/libdrivers__adc.a(adc_nrfx_saadc.c.obj)
 .text.saadc_irq_handler
                0x000000000000ad28       0xc8 zephyr/drivers/adc/libdrivers__adc.a(adc_nrfx_saadc.c.obj)
 .text.bt_rpmsg_init
                0x000000000000adf0        0xc zephyr/drivers/bluetooth/libdrivers__bluetooth.a(rpmsg.c.obj)
 .text.bt_rpmsg_send
                0x000000000000adfc       0x38 zephyr/drivers/bluetooth/libdrivers__bluetooth.a(rpmsg.c.obj)
 .text.hci_ept_bound
                0x000000000000ae34        0xc zephyr/drivers/bluetooth/libdrivers__bluetooth.a(rpmsg.c.obj)
 .text.bt_rpmsg_open
                0x000000000000ae40       0x40 zephyr/drivers/bluetooth/libdrivers__bluetooth.a(rpmsg.c.obj)
 .text.onoff_stop
                0x000000000000ae80       0x30 zephyr/drivers/clock_control/libdrivers__clock_control.a(clock_control_nrf.c.obj)
 .text.onoff_start
                0x000000000000aeb0       0x44 zephyr/drivers/clock_control/libdrivers__clock_control.a(clock_control_nrf.c.obj)
 .text.clk_init
                0x000000000000aef4       0x64 zephyr/drivers/clock_control/libdrivers__clock_control.a(clock_control_nrf.c.obj)
 .text.clkstarted_handle.constprop.0
                0x000000000000af58       0x34 zephyr/drivers/clock_control/libdrivers__clock_control.a(clock_control_nrf.c.obj)
 .text.clock_event_handler
                0x000000000000af8c       0x30 zephyr/drivers/clock_control/libdrivers__clock_control.a(clock_control_nrf.c.obj)
 .text.generic_hfclk_start
                0x000000000000afbc       0x64 zephyr/drivers/clock_control/libdrivers__clock_control.a(clock_control_nrf.c.obj)
 .text.api_blocking_start
                0x000000000000b020       0x3c zephyr/drivers/clock_control/libdrivers__clock_control.a(clock_control_nrf.c.obj)
 .text.generic_hfclk_stop
                0x000000000000b05c       0x34 zephyr/drivers/clock_control/libdrivers__clock_control.a(clock_control_nrf.c.obj)
 .text.z_nrf_clock_control_lf_on
                0x000000000000b090       0xfc zephyr/drivers/clock_control/libdrivers__clock_control.a(clock_control_nrf.c.obj)
                0x000000000000b090                z_nrf_clock_control_lf_on
 .text.qspi_get_zephyr_ret_code
                0x000000000000b18c       0x1c zephyr/drivers/flash/libdrivers__flash.a(nrf_qspi_nor.c.obj)
 .text.qspi_nor_pages_layout
                0x000000000000b1a8       0x10 zephyr/drivers/flash/libdrivers__flash.a(nrf_qspi_nor.c.obj)
 .text.qspi_flash_get_parameters
                0x000000000000b1b8        0x8 zephyr/drivers/flash/libdrivers__flash.a(nrf_qspi_nor.c.obj)
 .text.qspi_wait_for_completion.isra.0
                0x000000000000b1c0       0x1c zephyr/drivers/flash/libdrivers__flash.a(nrf_qspi_nor.c.obj)
 .text.qspi_device_init
                0x000000000000b1dc       0x4c zephyr/drivers/flash/libdrivers__flash.a(nrf_qspi_nor.c.obj)
 .text.qspi_device_uninit
                0x000000000000b228       0x54 zephyr/drivers/flash/libdrivers__flash.a(nrf_qspi_nor.c.obj)
 .text.qspi_nor_pm_action
                0x000000000000b27c       0xb8 zephyr/drivers/flash/libdrivers__flash.a(nrf_qspi_nor.c.obj)
 .text.qspi_nor_init
                0x000000000000b334      0x10c zephyr/drivers/flash/libdrivers__flash.a(nrf_qspi_nor.c.obj)
 .text.qspi_nor_erase
                0x000000000000b440       0xf4 zephyr/drivers/flash/libdrivers__flash.a(nrf_qspi_nor.c.obj)
 .text.qspi_nor_write
                0x000000000000b534      0x128 zephyr/drivers/flash/libdrivers__flash.a(nrf_qspi_nor.c.obj)
 .text.qspi_nor_read
                0x000000000000b65c      0x150 zephyr/drivers/flash/libdrivers__flash.a(nrf_qspi_nor.c.obj)
 .text.flash_nrf_pages_layout
                0x000000000000b7ac       0x10 zephyr/drivers/flash/libdrivers__flash.a(soc_flash_nrf.c.obj)
 .text.flash_nrf_get_parameters
                0x000000000000b7bc        0x8 zephyr/drivers/flash/libdrivers__flash.a(soc_flash_nrf.c.obj)
 .text.nrf_flash_init
                0x000000000000b7c4       0x28 zephyr/drivers/flash/libdrivers__flash.a(soc_flash_nrf.c.obj)
 .text.flash_nrf_erase
                0x000000000000b7ec       0x64 zephyr/drivers/flash/libdrivers__flash.a(soc_flash_nrf.c.obj)
 .text.flash_nrf_write
                0x000000000000b850       0x64 zephyr/drivers/flash/libdrivers__flash.a(soc_flash_nrf.c.obj)
 .text.gpio_nrfx_pin_interrupt_configure
                0x000000000000b8b4       0xe4 zephyr/drivers/gpio/libdrivers__gpio.a(gpio_nrfx.c.obj)
 .text.gpio_nrfx_init
                0x000000000000b998       0x38 zephyr/drivers/gpio/libdrivers__gpio.a(gpio_nrfx.c.obj)
 .text.nrfx_gpio_handler
                0x000000000000b9d0       0x4c zephyr/drivers/gpio/libdrivers__gpio.a(gpio_nrfx.c.obj)
 .text.gpio_nrfx_pin_configure
                0x000000000000ba1c      0x124 zephyr/drivers/gpio/libdrivers__gpio.a(gpio_nrfx.c.obj)
 .text.i2c_nrfx_twim_recover_bus
                0x000000000000bb40       0x54 zephyr/drivers/i2c/libdrivers__i2c.a(i2c_nrfx_twim.c.obj)
 .text.i2c_nrfx_twim_init
                0x000000000000bb94       0x44 zephyr/drivers/i2c/libdrivers__i2c.a(i2c_nrfx_twim.c.obj)
 .text.event_handler
                0x000000000000bbd8       0x34 zephyr/drivers/i2c/libdrivers__i2c.a(i2c_nrfx_twim.c.obj)
 .text.i2c_nrfx_twim_transfer
                0x000000000000bc0c      0x16c zephyr/drivers/i2c/libdrivers__i2c.a(i2c_nrfx_twim.c.obj)
 .text.mbox_nrf_init
                0x000000000000bd78       0x6c zephyr/drivers/mbox/libdrivers__mbox.a(mbox_nrfx_ipc.c.obj)
 .text.nrf_gpio_pin_port_decode
                0x000000000000bde4       0x24 zephyr/drivers/pinctrl/libdrivers__pinctrl.a(pinctrl_nrf.c.obj)
 .text.pinctrl_configure_pins
                0x000000000000be08      0x18c zephyr/drivers/pinctrl/libdrivers__pinctrl.a(pinctrl_nrf.c.obj)
                0x000000000000be08                pinctrl_configure_pins
 .text.compare_int_lock
                0x000000000000bf94       0x40 zephyr/drivers/timer/libdrivers__timer.a(nrf_rtc_timer.c.obj)
 .text.sys_clock_timeout_handler
                0x000000000000bfd4       0x48 zephyr/drivers/timer/libdrivers__timer.a(nrf_rtc_timer.c.obj)
 .text.compare_int_unlock
                0x000000000000c01c       0x4c zephyr/drivers/timer/libdrivers__timer.a(nrf_rtc_timer.c.obj)
 .text.z_nrf_rtc_timer_read
                0x000000000000c068       0x44 zephyr/drivers/timer/libdrivers__timer.a(nrf_rtc_timer.c.obj)
                0x000000000000c068                z_nrf_rtc_timer_read
 .text.compare_set
                0x000000000000c0ac      0x124 zephyr/drivers/timer/libdrivers__timer.a(nrf_rtc_timer.c.obj)
 .text.sys_clock_driver_init
                0x000000000000c1d0       0x90 zephyr/drivers/timer/libdrivers__timer.a(nrf_rtc_timer.c.obj)
 .text.rtc_nrf_isr
                0x000000000000c260       0xd0 zephyr/drivers/timer/libdrivers__timer.a(nrf_rtc_timer.c.obj)
                0x000000000000c260                rtc_nrf_isr
 .text.sys_clock_set_timeout
                0x000000000000c330       0x64 zephyr/drivers/timer/libdrivers__timer.a(nrf_rtc_timer.c.obj)
                0x000000000000c330                sys_clock_set_timeout
 .text.sys_clock_elapsed
                0x000000000000c394       0x14 zephyr/drivers/timer/libdrivers__timer.a(nrf_rtc_timer.c.obj)
                0x000000000000c394                sys_clock_elapsed
 .text.sys_clock_disable
                0x000000000000c3a8       0x30 zephyr/drivers/timer/libdrivers__timer.a(nrf_rtc_timer.c.obj)
                0x000000000000c3a8                sys_clock_disable
 .text.dk_set_leds_state.part.0
                0x000000000000c3d8       0x40 modules/nrf/lib/dk_buttons_and_leds/lib..__nrf__lib__dk_buttons_and_leds.a(dk_buttons_and_leds.c.obj)
 .text.dk_leds_init
                0x000000000000c418       0x2c modules/nrf/lib/dk_buttons_and_leds/lib..__nrf__lib__dk_buttons_and_leds.a(dk_buttons_and_leds.c.obj)
                0x000000000000c418                dk_leds_init
 .text.dk_set_led
                0x000000000000c444       0x20 modules/nrf/lib/dk_buttons_and_leds/lib..__nrf__lib__dk_buttons_and_leds.a(dk_buttons_and_leds.c.obj)
                0x000000000000c444                dk_set_led
 .text.nrf53_errata_42
                0x000000000000c464       0x24 modules/hal_nordic/nrfx/libmodules__hal_nordic__nrfx.a(system_nrf5340_application.c.obj)
 .text.SystemInit
                0x000000000000c488      0x1c4 modules/hal_nordic/nrfx/libmodules__hal_nordic__nrfx.a(system_nrf5340_application.c.obj)
                0x000000000000c488                SystemInit
 .text.nrfx_flag32_alloc
                0x000000000000c64c       0x40 modules/hal_nordic/nrfx/libmodules__hal_nordic__nrfx.a(nrfx_flag32_allocator.c.obj)
                0x000000000000c64c                nrfx_flag32_alloc
 .text.nrfx_flag32_free
                0x000000000000c68c       0x38 modules/hal_nordic/nrfx/libmodules__hal_nordic__nrfx.a(nrfx_flag32_allocator.c.obj)
                0x000000000000c68c                nrfx_flag32_free
 .text.nrfx_gppi_channels_enable
                0x000000000000c6c4        0xc modules/hal_nordic/nrfx/libmodules__hal_nordic__nrfx.a(nrfx_gppi_dppi.c.obj)
                0x000000000000c6c4                nrfx_gppi_channels_enable
 .text.nrfx_clock_init
                0x000000000000c6d0       0x20 modules/hal_nordic/nrfx/libmodules__hal_nordic__nrfx.a(nrfx_clock.c.obj)
                0x000000000000c6d0                nrfx_clock_init
 .text.nrfx_power_clock_irq_handler
                0x000000000000c6f0       0xb0 modules/hal_nordic/nrfx/libmodules__hal_nordic__nrfx.a(nrfx_clock.c.obj)
                0x000000000000c6f0                nrfx_power_clock_irq_handler
 .text.nrfx_dppi_channel_alloc
                0x000000000000c7a0        0xc modules/hal_nordic/nrfx/libmodules__hal_nordic__nrfx.a(nrfx_dppi.c.obj)
                0x000000000000c7a0                nrfx_dppi_channel_alloc
 .text.nrf_gpio_pin_port_decode
                0x000000000000c7ac       0x24 modules/hal_nordic/nrfx/libmodules__hal_nordic__nrfx.a(nrfx_gpiote.c.obj)
 .text.get_pin_idx
                0x000000000000c7d0       0x14 modules/hal_nordic/nrfx/libmodules__hal_nordic__nrfx.a(nrfx_gpiote.c.obj)
 .text.pin_in_use_by_te
                0x000000000000c7e4       0x18 modules/hal_nordic/nrfx/libmodules__hal_nordic__nrfx.a(nrfx_gpiote.c.obj)
 .text.pin_is_output
                0x000000000000c7fc       0x18 modules/hal_nordic/nrfx/libmodules__hal_nordic__nrfx.a(nrfx_gpiote.c.obj)
 .text.pin_te_get
                0x000000000000c814       0x18 modules/hal_nordic/nrfx/libmodules__hal_nordic__nrfx.a(nrfx_gpiote.c.obj)
 .text.call_handler
                0x000000000000c82c       0x40 modules/hal_nordic/nrfx/libmodules__hal_nordic__nrfx.a(nrfx_gpiote.c.obj)
 .text.release_handler
                0x000000000000c86c       0x58 modules/hal_nordic/nrfx/libmodules__hal_nordic__nrfx.a(nrfx_gpiote.c.obj)
 .text.__nrfy_internal_gpiote_events_process.constprop.0
                0x000000000000c8c4       0x54 modules/hal_nordic/nrfx/libmodules__hal_nordic__nrfx.a(nrfx_gpiote.c.obj)
 .text.nrfx_gpiote_input_configure
                0x000000000000c918      0x170 modules/hal_nordic/nrfx/libmodules__hal_nordic__nrfx.a(nrfx_gpiote.c.obj)
                0x000000000000c918                nrfx_gpiote_input_configure
 .text.nrfx_gpiote_output_configure
                0x000000000000ca88       0xfc modules/hal_nordic/nrfx/libmodules__hal_nordic__nrfx.a(nrfx_gpiote.c.obj)
                0x000000000000ca88                nrfx_gpiote_output_configure
 .text.nrfx_gpiote_global_callback_set
                0x000000000000cb84        0xc modules/hal_nordic/nrfx/libmodules__hal_nordic__nrfx.a(nrfx_gpiote.c.obj)
                0x000000000000cb84                nrfx_gpiote_global_callback_set
 .text.nrfx_gpiote_channel_get
                0x000000000000cb90       0x30 modules/hal_nordic/nrfx/libmodules__hal_nordic__nrfx.a(nrfx_gpiote.c.obj)
                0x000000000000cb90                nrfx_gpiote_channel_get
 .text.nrfx_gpiote_init
                0x000000000000cbc0       0x50 modules/hal_nordic/nrfx/libmodules__hal_nordic__nrfx.a(nrfx_gpiote.c.obj)
                0x000000000000cbc0                nrfx_gpiote_init
 .text.nrfx_gpiote_is_init
                0x000000000000cc10       0x14 modules/hal_nordic/nrfx/libmodules__hal_nordic__nrfx.a(nrfx_gpiote.c.obj)
                0x000000000000cc10                nrfx_gpiote_is_init
 .text.nrfx_gpiote_channel_free
                0x000000000000cc24        0xc modules/hal_nordic/nrfx/libmodules__hal_nordic__nrfx.a(nrfx_gpiote.c.obj)
                0x000000000000cc24                nrfx_gpiote_channel_free
 .text.nrfx_gpiote_channel_alloc
                0x000000000000cc30        0xc modules/hal_nordic/nrfx/libmodules__hal_nordic__nrfx.a(nrfx_gpiote.c.obj)
                0x000000000000cc30                nrfx_gpiote_channel_alloc
 .text.nrfx_gpiote_trigger_enable
                0x000000000000cc3c       0x98 modules/hal_nordic/nrfx/libmodules__hal_nordic__nrfx.a(nrfx_gpiote.c.obj)
                0x000000000000cc3c                nrfx_gpiote_trigger_enable
 .text.nrfx_gpiote_trigger_disable
                0x000000000000ccd4       0x4c modules/hal_nordic/nrfx/libmodules__hal_nordic__nrfx.a(nrfx_gpiote.c.obj)
                0x000000000000ccd4                nrfx_gpiote_trigger_disable
 .text.nrfx_gpiote_pin_uninit
                0x000000000000cd20       0x84 modules/hal_nordic/nrfx/libmodules__hal_nordic__nrfx.a(nrfx_gpiote.c.obj)
                0x000000000000cd20                nrfx_gpiote_pin_uninit
 .text.nrfx_gpiote_irq_handler
                0x000000000000cda4      0x19c modules/hal_nordic/nrfx/libmodules__hal_nordic__nrfx.a(nrfx_gpiote.c.obj)
                0x000000000000cda4                nrfx_gpiote_irq_handler
 .text.nrfx_ipc_init
                0x000000000000cf40       0x30 modules/hal_nordic/nrfx/libmodules__hal_nordic__nrfx.a(nrfx_ipc.c.obj)
                0x000000000000cf40                nrfx_ipc_init
 .text.nrfx_ipc_config_load
                0x000000000000cf70       0x40 modules/hal_nordic/nrfx/libmodules__hal_nordic__nrfx.a(nrfx_ipc.c.obj)
                0x000000000000cf70                nrfx_ipc_config_load
 .text.nrfx_ipc_receive_event_enable
                0x000000000000cfb0       0x10 modules/hal_nordic/nrfx/libmodules__hal_nordic__nrfx.a(nrfx_ipc.c.obj)
                0x000000000000cfb0                nrfx_ipc_receive_event_enable
 .text.nrfx_ipc_receive_event_disable
                0x000000000000cfc0       0x10 modules/hal_nordic/nrfx/libmodules__hal_nordic__nrfx.a(nrfx_ipc.c.obj)
                0x000000000000cfc0                nrfx_ipc_receive_event_disable
 .text.nrfx_ipc_irq_handler
                0x000000000000cfd0       0x40 modules/hal_nordic/nrfx/libmodules__hal_nordic__nrfx.a(nrfx_ipc.c.obj)
                0x000000000000cfd0                nrfx_ipc_irq_handler
 .text.nvmc_readonly_mode_set
                0x000000000000d010       0x14 modules/hal_nordic/nrfx/libmodules__hal_nordic__nrfx.a(nrfx_nvmc.c.obj)
 .text.nvmc_word_write
                0x000000000000d024       0x18 modules/hal_nordic/nrfx/libmodules__hal_nordic__nrfx.a(nrfx_nvmc.c.obj)
 .text.nrfx_nvmc_page_erase
                0x000000000000d03c       0x3c modules/hal_nordic/nrfx/libmodules__hal_nordic__nrfx.a(nrfx_nvmc.c.obj)
                0x000000000000d03c                nrfx_nvmc_page_erase
 .text.nrfx_nvmc_word_write
                0x000000000000d078       0x20 modules/hal_nordic/nrfx/libmodules__hal_nordic__nrfx.a(nrfx_nvmc.c.obj)
                0x000000000000d078                nrfx_nvmc_word_write
 .text.qspi_deactivate
                0x000000000000d098       0x24 modules/hal_nordic/nrfx/libmodules__hal_nordic__nrfx.a(nrfx_qspi.c.obj)
 .text.qspi_ready_wait
                0x000000000000d0bc       0x54 modules/hal_nordic/nrfx/libmodules__hal_nordic__nrfx.a(nrfx_qspi.c.obj)
 .text.qspi_activate
                0x000000000000d110       0x34 modules/hal_nordic/nrfx/libmodules__hal_nordic__nrfx.a(nrfx_qspi.c.obj)
 .text.qspi_xfer
                0x000000000000d144       0xe8 modules/hal_nordic/nrfx/libmodules__hal_nordic__nrfx.a(nrfx_qspi.c.obj)
 .text.qspi_event_xfer_handle.constprop.0
                0x000000000000d22c       0x28 modules/hal_nordic/nrfx/libmodules__hal_nordic__nrfx.a(nrfx_qspi.c.obj)
 .text.nrf_gpio_cfg.constprop.0
                0x000000000000d254       0x44 modules/hal_nordic/nrfx/libmodules__hal_nordic__nrfx.a(nrfx_qspi.c.obj)
 .text.nrf_qspi_cinstrdata_get.constprop.0
                0x000000000000d298       0x40 modules/hal_nordic/nrfx/libmodules__hal_nordic__nrfx.a(nrfx_qspi.c.obj)
 .text.nrf_qspi_cinstrdata_set.constprop.0
                0x000000000000d2d8       0x64 modules/hal_nordic/nrfx/libmodules__hal_nordic__nrfx.a(nrfx_qspi.c.obj)
 .text.nrf_qspi_pins_set.constprop.0
                0x000000000000d33c       0x5c modules/hal_nordic/nrfx/libmodules__hal_nordic__nrfx.a(nrfx_qspi.c.obj)
 .text.qspi_workaround_apply
                0x000000000000d398       0x70 modules/hal_nordic/nrfx/libmodules__hal_nordic__nrfx.a(nrfx_qspi.c.obj)
 .text.qspi_configure
                0x000000000000d408      0x138 modules/hal_nordic/nrfx/libmodules__hal_nordic__nrfx.a(nrfx_qspi.c.obj)
 .text.nrfx_qspi_init
                0x000000000000d540       0x40 modules/hal_nordic/nrfx/libmodules__hal_nordic__nrfx.a(nrfx_qspi.c.obj)
                0x000000000000d540                nrfx_qspi_init
 .text.nrfx_qspi_cinstr_xfer
                0x000000000000d580       0xac modules/hal_nordic/nrfx/libmodules__hal_nordic__nrfx.a(nrfx_qspi.c.obj)
                0x000000000000d580                nrfx_qspi_cinstr_xfer
 .text.nrfx_qspi_mem_busy_check
                0x000000000000d62c       0x44 modules/hal_nordic/nrfx/libmodules__hal_nordic__nrfx.a(nrfx_qspi.c.obj)
                0x000000000000d62c                nrfx_qspi_mem_busy_check
 .text.nrfx_qspi_uninit
                0x000000000000d670       0x78 modules/hal_nordic/nrfx/libmodules__hal_nordic__nrfx.a(nrfx_qspi.c.obj)
                0x000000000000d670                nrfx_qspi_uninit
 .text.nrfx_qspi_erase
                0x000000000000d6e8       0x9c modules/hal_nordic/nrfx/libmodules__hal_nordic__nrfx.a(nrfx_qspi.c.obj)
                0x000000000000d6e8                nrfx_qspi_erase
 .text.nrfx_qspi_irq_handler
                0x000000000000d784       0x94 modules/hal_nordic/nrfx/libmodules__hal_nordic__nrfx.a(nrfx_qspi.c.obj)
                0x000000000000d784                nrfx_qspi_irq_handler
 .text.nrf_gpio_cfg.constprop.0
                0x000000000000d818       0x48 modules/hal_nordic/nrfx/libmodules__hal_nordic__nrfx.a(nrfx_twim.c.obj)
 .text.twim_configure
                0x000000000000d860       0x3c modules/hal_nordic/nrfx/libmodules__hal_nordic__nrfx.a(nrfx_twim.c.obj)
 .text.nrfx_twim_init
                0x000000000000d89c       0xb8 modules/hal_nordic/nrfx/libmodules__hal_nordic__nrfx.a(nrfx_twim.c.obj)
                0x000000000000d89c                nrfx_twim_init
 .text.nrfx_twim_enable
                0x000000000000d954       0x20 modules/hal_nordic/nrfx/libmodules__hal_nordic__nrfx.a(nrfx_twim.c.obj)
                0x000000000000d954                nrfx_twim_enable
 .text.nrfx_twim_disable
                0x000000000000d974       0x3c modules/hal_nordic/nrfx/libmodules__hal_nordic__nrfx.a(nrfx_twim.c.obj)
                0x000000000000d974                nrfx_twim_disable
 .text.nrfx_twim_xfer
                0x000000000000d9b0      0x350 modules/hal_nordic/nrfx/libmodules__hal_nordic__nrfx.a(nrfx_twim.c.obj)
                0x000000000000d9b0                nrfx_twim_xfer
 .text.nrfx_twim_1_irq_handler
                0x000000000000dd00      0x188 modules/hal_nordic/nrfx/libmodules__hal_nordic__nrfx.a(nrfx_twim.c.obj)
                0x000000000000dd00                nrfx_twim_1_irq_handler
 .text.nrf_gpio_pin_port_decode
                0x000000000000de88       0x24 modules/hal_nordic/nrfx/libmodules__hal_nordic__nrfx.a(nrfx_twi_twim.c.obj)
 .text.nrfx_twi_twim_bus_recover
                0x000000000000deac       0xd4 modules/hal_nordic/nrfx/libmodules__hal_nordic__nrfx.a(nrfx_twi_twim.c.obj)
                0x000000000000deac                nrfx_twi_twim_bus_recover
 .text.metal_generic_dev_open
                0x000000000000df80       0x40 modules/libmetal/libmetal/lib/libmetal.a(device.c.obj)
                0x000000000000df80                metal_generic_dev_open
 .text.metal_bus_unregister
                0x000000000000dfc0       0x3c modules/libmetal/libmetal/lib/libmetal.a(device.c.obj)
                0x000000000000dfc0                metal_bus_unregister
 .text.metal_bus_find
                0x000000000000dffc       0x3c modules/libmetal/libmetal/lib/libmetal.a(device.c.obj)
                0x000000000000dffc                metal_bus_find
 .text.metal_bus_register
                0x000000000000e038       0x5c modules/libmetal/libmetal/lib/libmetal.a(device.c.obj)
                0x000000000000e038                metal_bus_register
 .text.metal_register_generic_device
                0x000000000000e094       0x3c modules/libmetal/libmetal/lib/libmetal.a(device.c.obj)
                0x000000000000e094                metal_register_generic_device
 .text.metal_init
                0x000000000000e0d0       0x40 modules/libmetal/libmetal/lib/libmetal.a(init.c.obj)
                0x000000000000e0d0                metal_init
 .text.metal_finish
                0x000000000000e110       0x18 modules/libmetal/libmetal/lib/libmetal.a(init.c.obj)
                0x000000000000e110                metal_finish
 .text.metal_sys_init
                0x000000000000e128       0x10 modules/libmetal/libmetal/lib/libmetal.a(init.c.obj)
                0x000000000000e128                metal_sys_init
 .text.metal_sys_finish
                0x000000000000e138        0xc modules/libmetal/libmetal/lib/libmetal.a(init.c.obj)
                0x000000000000e138                metal_sys_finish
 .text.metal_zephyr_log_handler
                0x000000000000e144       0x3c modules/libmetal/libmetal/lib/libmetal.a(log.c.obj)
                0x000000000000e144                metal_zephyr_log_handler
 .text.virtio_create_virtqueues
                0x000000000000e180       0xbc modules/open-amp/open-amp/lib/libopen_amp.a(virtio.c.obj)
                0x000000000000e180                virtio_create_virtqueues
 .text.virtqueue_free
                0x000000000000e23c       0x38 modules/open-amp/open-amp/lib/libopen_amp.a(virtqueue.c.obj)
                0x000000000000e23c                virtqueue_free
 .text.virtqueue_add_consumed_buffer
                0x000000000000e274       0x38 modules/open-amp/open-amp/lib/libopen_amp.a(virtqueue.c.obj)
                0x000000000000e274                virtqueue_add_consumed_buffer
 .text.rpmsg_send_offchannel_raw
                0x000000000000e2ac       0x2c modules/open-amp/open-amp/lib/libopen_amp.a(rpmsg.c.obj)